// Jest Snapshot v1, https://goo.gl/fbAQLP

exports[`renders course page correctly 1`] = `
<RCTScrollView>
  <View>
    <View
      style={
        Object {
          "alignItems": "center",
          "justifyContent": "space-between",
          "paddingBottom": 20,
          "paddingLeft": 20,
          "paddingRight": 10,
          "paddingTop": 35,
        }
      }
    >
      <Image
        source={
          Object {
            "testUri": "../../../public/images/logo-transparent.png",
          }
        }
        style={
          Object {
            "height": 200,
            "marginBottom": 20,
            "width": 300,
          }
        }
      />
      <Text
        style={
          Object {
            "lineHeight": 18,
          }
        }
      >
              这一款app，旨在助力于课程信息流通，在打通闭塞的课程信息下，帮助同学们更好地选课。
      </Text>
      <Text
        style={
          Object {
            "lineHeight": 18,
          }
        }
      >
              19年5月，初夏，我们拿到了动态主题课程项目。适逢暑期学期降至，脑海中逐渐泛起每次被交大选课系统支配的恐惧，回想起每次选课时左右为难的纠结。做个选课功能助手吧，也算为后来人谋点福利。
      </Text>
      <Text
        style={
          Object {
            "lineHeight": 18,
          }
        }
      >
              在交大如今的选课系统下，学生对于课程信息的了解几乎局限于课程信息网及相近的熟人。每逢选课周，交大学子们需要花费很多时间来了解各种课程的信息。对于专业必修课，学生们需要专业课各老师的评价，老师的上课风格，给分详情是学生们选课的重要凭据；对于其他非专业必修课诸如通识课与任选课，课程其上课的详细内容，老师评分标准以及课程作业及考核的设置都很大程度上决定了学生是否选这门课。在选课时，很多学生了解的课程信息内容都很少，大部分时候只能低效的询问身边的同学获得信息。对于很多交大的精课，好课则只能通过身边人的推荐才能获知。在打通闭塞的课程信息下，有课能帮助同学们更好地选课。无论是想要的课程，想要的老师，我们这里都可以查到。
      </Text>
      <Text>
        我们的团队 —— Yoke 有课
      </Text>
      <Text>
        柳正威、煦扬、郭志、朝阳
      </Text>
    </View>
  </View>
</RCTScrollView>
`;
