// Jest Snapshot v1, https://goo.gl/fbAQLP

exports[`renders classes page correctly 1`] = `
<View>
  <View
    style={
      Object {
        "alignItems": "center",
        "justifyContent": "center",
      }
    }
  >
    <View
      accessible={true}
      isTVSelectable={true}
      onResponderGrant={[Function]}
      onResponderMove={[Function]}
      onResponderRelease={[Function]}
      onResponderTerminate={[Function]}
      onResponderTerminationRequest={[Function]}
      onStartShouldSetResponder={[Function]}
      style={
        Object {
          "opacity": 1,
        }
      }
    >
      <Text>
        第
        1
        周
      </Text>
    </View>
  </View>
  <View
    style={
      Object {
        "height": 40,
      }
    }
  >
    <View
      style={
        Object {
          "flex": 1,
          "flexDirection": "column",
        }
      }
    >
      <View
        style={
          Object {
            "flex": 1,
            "flexDirection": "row",
          }
        }
      >
        <View
          size={1}
          style={
            Object {
              "alignItems": "center",
              "flex": 1,
              "flexDirection": "column",
              "justifyContent": "center",
            }
          }
        >
          <Text
            style={
              Object {
                "fontSize": 12,
              }
            }
          >
            九月
          </Text>
        </View>
        <View
          size={2}
          style={
            Object {
              "alignItems": "center",
              "flex": 2,
              "flexDirection": "column",
              "justifyContent": "center",
            }
          }
        >
          <Text>
            周一
          </Text>
        </View>
        <View
          size={2}
          style={
            Object {
              "alignItems": "center",
              "flex": 2,
              "flexDirection": "column",
              "justifyContent": "center",
            }
          }
        >
          <Text>
            周二
          </Text>
        </View>
        <View
          size={2}
          style={
            Object {
              "alignItems": "center",
              "flex": 2,
              "flexDirection": "column",
              "justifyContent": "center",
            }
          }
        >
          <Text>
            周三
          </Text>
        </View>
        <View
          size={2}
          style={
            Object {
              "alignItems": "center",
              "flex": 2,
              "flexDirection": "column",
              "justifyContent": "center",
            }
          }
        >
          <Text>
            周四
          </Text>
        </View>
        <View
          size={2}
          style={
            Object {
              "alignItems": "center",
              "flex": 2,
              "flexDirection": "column",
              "justifyContent": "center",
            }
          }
        >
          <Text>
            周五
          </Text>
        </View>
        <View
          size={2}
          style={
            Object {
              "alignItems": "center",
              "flex": 2,
              "flexDirection": "column",
              "justifyContent": "center",
            }
          }
        >
          <Text>
            周六
          </Text>
        </View>
        <View
          size={2}
          style={
            Object {
              "alignItems": "center",
              "flex": 2,
              "flexDirection": "column",
              "justifyContent": "center",
            }
          }
        >
          <Text>
            周日
          </Text>
        </View>
      </View>
    </View>
  </View>
  <RCTScrollView>
    <View>
      <View
        style={
          Object {
            "height": 960,
            "marginBottom": 85,
          }
        }
      >
        <View
          style={
            Object {
              "flex": 1,
              "flexDirection": "row",
            }
          }
        >
          <View
            size={1}
            style={
              Object {
                "flex": 1,
                "flexDirection": "column",
              }
            }
          >
            <View
              size={1}
              style={
                Object {
                  "alignItems": "center",
                  "flex": 1,
                  "flexDirection": "row",
                  "justifyContent": "center",
                }
              }
            >
              <Text>
                1
              </Text>
            </View>
            <View
              size={1}
              style={
                Object {
                  "alignItems": "center",
                  "flex": 1,
                  "flexDirection": "row",
                  "justifyContent": "center",
                }
              }
            >
              <Text>
                2
              </Text>
            </View>
            <View
              size={1}
              style={
                Object {
                  "alignItems": "center",
                  "flex": 1,
                  "flexDirection": "row",
                  "justifyContent": "center",
                }
              }
            >
              <Text>
                3
              </Text>
            </View>
            <View
              size={1}
              style={
                Object {
                  "alignItems": "center",
                  "flex": 1,
                  "flexDirection": "row",
                  "justifyContent": "center",
                }
              }
            >
              <Text>
                4
              </Text>
            </View>
            <View
              size={1}
              style={
                Object {
                  "alignItems": "center",
                  "flex": 1,
                  "flexDirection": "row",
                  "justifyContent": "center",
                }
              }
            >
              <Text>
                5
              </Text>
            </View>
            <View
              size={1}
              style={
                Object {
                  "alignItems": "center",
                  "flex": 1,
                  "flexDirection": "row",
                  "justifyContent": "center",
                }
              }
            >
              <Text>
                6
              </Text>
            </View>
            <View
              size={1}
              style={
                Object {
                  "alignItems": "center",
                  "flex": 1,
                  "flexDirection": "row",
                  "justifyContent": "center",
                }
              }
            >
              <Text>
                7
              </Text>
            </View>
            <View
              size={1}
              style={
                Object {
                  "alignItems": "center",
                  "flex": 1,
                  "flexDirection": "row",
                  "justifyContent": "center",
                }
              }
            >
              <Text>
                8
              </Text>
            </View>
            <View
              size={1}
              style={
                Object {
                  "alignItems": "center",
                  "flex": 1,
                  "flexDirection": "row",
                  "justifyContent": "center",
                }
              }
            >
              <Text>
                9
              </Text>
            </View>
            <View
              size={1}
              style={
                Object {
                  "alignItems": "center",
                  "flex": 1,
                  "flexDirection": "row",
                  "justifyContent": "center",
                }
              }
            >
              <Text>
                10
              </Text>
            </View>
            <View
              size={1}
              style={
                Object {
                  "alignItems": "center",
                  "flex": 1,
                  "flexDirection": "row",
                  "justifyContent": "center",
                }
              }
            >
              <Text>
                11
              </Text>
            </View>
            <View
              size={1}
              style={
                Object {
                  "alignItems": "center",
                  "flex": 1,
                  "flexDirection": "row",
                  "justifyContent": "center",
                }
              }
            >
              <Text>
                12
              </Text>
            </View>
            <View
              size={1}
              style={
                Object {
                  "alignItems": "center",
                  "flex": 1,
                  "flexDirection": "row",
                  "justifyContent": "center",
                }
              }
            >
              <Text>
                13
              </Text>
            </View>
            <View
              size={1}
              style={
                Object {
                  "alignItems": "center",
                  "flex": 1,
                  "flexDirection": "row",
                  "justifyContent": "center",
                }
              }
            >
              <Text>
                14
              </Text>
            </View>
            <View
              size={1}
              style={
                Object {
                  "alignItems": "center",
                  "flex": 1,
                  "flexDirection": "row",
                  "justifyContent": "center",
                }
              }
            >
              <Text>
                15
              </Text>
            </View>
            <View
              size={1}
              style={
                Object {
                  "alignItems": "center",
                  "flex": 1,
                  "flexDirection": "row",
                  "justifyContent": "center",
                }
              }
            >
              <Text>
                16
              </Text>
            </View>
          </View>
          <View
            size={2}
            style={
              Object {
                "flex": 2,
                "flexDirection": "column",
              }
            }
          />
          <View
            size={2}
            style={
              Object {
                "flex": 2,
                "flexDirection": "column",
              }
            }
          />
          <View
            size={2}
            style={
              Object {
                "flex": 2,
                "flexDirection": "column",
              }
            }
          />
          <View
            size={2}
            style={
              Object {
                "flex": 2,
                "flexDirection": "column",
              }
            }
          />
          <View
            size={2}
            style={
              Object {
                "flex": 2,
                "flexDirection": "column",
              }
            }
          />
          <View
            size={2}
            style={
              Object {
                "flex": 2,
                "flexDirection": "column",
              }
            }
          />
          <View
            size={2}
            style={
              Object {
                "flex": 2,
                "flexDirection": "column",
              }
            }
          />
        </View>
      </View>
    </View>
  </RCTScrollView>
</View>
`;
