// Jest Snapshot v1, https://goo.gl/fbAQLP

exports[`renders course page correctly 1`] = `
<View
  style={
    Object {
      "flex": 1,
    }
  }
>
  <Modal
    animationType="none"
    hardwareAccelerated={false}
    hideModalContentWhileAnimating={false}
    onModalHide={[Function]}
    onModalWillHide={[Function]}
    onModalWillShow={[Function]}
    onRequestClose={[Function]}
    scrollHorizontal={false}
    scrollOffset={0}
    scrollOffsetMax={0}
    scrollTo={null}
    supportedOrientations={
      Array [
        "portrait",
        "landscape",
      ]
    }
    swipeThreshold={100}
    transparent={true}
    visible={false}
  >
    <View
      accessible={true}
      onResponderGrant={[Function]}
      onResponderMove={[Function]}
      onResponderRelease={[Function]}
      onResponderTerminate={[Function]}
      onResponderTerminationRequest={[Function]}
      onStartShouldSetResponder={[Function]}
      style={
        Object {
          "backgroundColor": "black",
          "bottom": 0,
          "height": 1334,
          "left": 0,
          "opacity": 0,
          "position": "absolute",
          "right": 0,
          "top": 0,
          "width": 750,
        }
      }
    />
    <View
      hideModalContentWhileAnimating={false}
      onModalHide={[Function]}
      onModalWillHide={[Function]}
      onModalWillShow={[Function]}
      pointerEvents="box-none"
      scrollHorizontal={false}
      scrollOffset={0}
      scrollOffsetMax={0}
      scrollTo={null}
      style={
        Object {
          "flex": 1,
          "justifyContent": "center",
          "margin": 37.5,
          "transform": Array [
            Object {
              "translateY": 0,
            },
          ],
        }
      }
      supportedOrientations={
        Array [
          "portrait",
          "landscape",
        ]
      }
      swipeThreshold={100}
    >
      <View
        style={
          Object {
            "backgroundColor": "#FFFFFF",
            "height": 400,
            "padding": 16,
          }
        }
      >
        <RCTScrollView
          style={Object {}}
        >
          <View>
            <View>
              <View
                style={
                  Object {
                    "alignItems": "center",
                    "flexDirection": "row",
                    "padding": 8,
                  }
                }
              >
                <Text
                  style={
                    Object {
                      "flex": 8,
                      "fontSize": 16,
                    }
                  }
                >
                  学分
                </Text>
                <View
                  accessible={true}
                  isTVSelectable={true}
                  onResponderGrant={[Function]}
                  onResponderMove={[Function]}
                  onResponderRelease={[Function]}
                  onResponderTerminate={[Function]}
                  onResponderTerminationRequest={[Function]}
                  onStartShouldSetResponder={[Function]}
                  style={
                    Object {
                      "flex": 1,
                      "opacity": 1,
                    }
                  }
                >
                  <Image
                    source={
                      Object {
                        "uri": "arrow_down",
                      }
                    }
                    style={
                      Object {
                        "height": 21,
                        "width": 21,
                      }
                    }
                  />
                </View>
              </View>
            </View>
            <View>
              <View
                style={
                  Object {
                    "alignItems": "center",
                    "flexDirection": "row",
                    "padding": 8,
                  }
                }
              >
                <Text
                  style={
                    Object {
                      "flex": 8,
                      "fontSize": 16,
                    }
                  }
                >
                  通识类型
                </Text>
                <View
                  accessible={true}
                  isTVSelectable={true}
                  onResponderGrant={[Function]}
                  onResponderMove={[Function]}
                  onResponderRelease={[Function]}
                  onResponderTerminate={[Function]}
                  onResponderTerminationRequest={[Function]}
                  onStartShouldSetResponder={[Function]}
                  style={
                    Object {
                      "flex": 1,
                      "opacity": 1,
                    }
                  }
                >
                  <Image
                    source={
                      Object {
                        "uri": "arrow_down",
                      }
                    }
                    style={
                      Object {
                        "height": 21,
                        "width": 21,
                      }
                    }
                  />
                </View>
              </View>
            </View>
            <View>
              <View
                style={
                  Object {
                    "alignItems": "center",
                    "flexDirection": "row",
                    "padding": 8,
                  }
                }
              >
                <Text
                  style={
                    Object {
                      "flex": 8,
                      "fontSize": 16,
                    }
                  }
                >
                  上课时间
                </Text>
                <View
                  accessible={true}
                  isTVSelectable={true}
                  onResponderGrant={[Function]}
                  onResponderMove={[Function]}
                  onResponderRelease={[Function]}
                  onResponderTerminate={[Function]}
                  onResponderTerminationRequest={[Function]}
                  onStartShouldSetResponder={[Function]}
                  style={
                    Object {
                      "flex": 1,
                      "opacity": 1,
                    }
                  }
                >
                  <Image
                    source={
                      Object {
                        "uri": "arrow_down",
                      }
                    }
                    style={
                      Object {
                        "height": 21,
                        "width": 21,
                      }
                    }
                  />
                </View>
              </View>
            </View>
            <View>
              <View
                style={
                  Object {
                    "alignItems": "center",
                    "flexDirection": "row",
                    "padding": 8,
                  }
                }
              >
                <Text
                  style={
                    Object {
                      "flex": 8,
                      "fontSize": 16,
                    }
                  }
                >
                  上课地点
                </Text>
                <View
                  accessible={true}
                  isTVSelectable={true}
                  onResponderGrant={[Function]}
                  onResponderMove={[Function]}
                  onResponderRelease={[Function]}
                  onResponderTerminate={[Function]}
                  onResponderTerminationRequest={[Function]}
                  onStartShouldSetResponder={[Function]}
                  style={
                    Object {
                      "flex": 1,
                      "opacity": 1,
                    }
                  }
                >
                  <Image
                    source={
                      Object {
                        "uri": "arrow_down",
                      }
                    }
                    style={
                      Object {
                        "height": 21,
                        "width": 21,
                      }
                    }
                  />
                </View>
              </View>
            </View>
            <View>
              <View
                style={
                  Object {
                    "alignItems": "center",
                    "flexDirection": "row",
                    "padding": 8,
                  }
                }
              >
                <Text
                  style={
                    Object {
                      "flex": 8,
                      "fontSize": 16,
                    }
                  }
                >
                  开设学院
                </Text>
                <View
                  accessible={true}
                  isTVSelectable={true}
                  onResponderGrant={[Function]}
                  onResponderMove={[Function]}
                  onResponderRelease={[Function]}
                  onResponderTerminate={[Function]}
                  onResponderTerminationRequest={[Function]}
                  onStartShouldSetResponder={[Function]}
                  style={
                    Object {
                      "flex": 1,
                      "opacity": 1,
                    }
                  }
                >
                  <Image
                    source={
                      Object {
                        "uri": "arrow_down",
                      }
                    }
                    style={
                      Object {
                        "height": 21,
                        "width": 21,
                      }
                    }
                  />
                </View>
              </View>
            </View>
          </View>
        </RCTScrollView>
        <View
          style={
            Object {
              "alignItems": "center",
              "flexDirection": "row",
              "justifyContent": "flex-end",
            }
          }
        >
          <View
            accessible={true}
            isTVSelectable={true}
            onResponderGrant={[Function]}
            onResponderMove={[Function]}
            onResponderRelease={[Function]}
            onResponderTerminate={[Function]}
            onResponderTerminationRequest={[Function]}
            onStartShouldSetResponder={[Function]}
            style={
              Object {
                "alignItems": "center",
                "backgroundColor": "#FDD32A",
                "borderRadius": 20,
                "height": 30,
                "justifyContent": "center",
                "marginBottom": 5,
                "marginHorizontal": 6,
                "marginTop": 18,
                "opacity": 1,
                "width": 50,
              }
            }
          >
            <Text>
              确定
            </Text>
          </View>
          <View
            accessible={true}
            isTVSelectable={true}
            onResponderGrant={[Function]}
            onResponderMove={[Function]}
            onResponderRelease={[Function]}
            onResponderTerminate={[Function]}
            onResponderTerminationRequest={[Function]}
            onStartShouldSetResponder={[Function]}
            style={
              Object {
                "alignItems": "center",
                "backgroundColor": "#FDD32A",
                "borderRadius": 20,
                "height": 30,
                "justifyContent": "center",
                "marginBottom": 5,
                "marginHorizontal": 6,
                "marginTop": 18,
                "opacity": 1,
                "width": 50,
              }
            }
          >
            <Text>
              取消
            </Text>
          </View>
        </View>
      </View>
    </View>
  </Modal>
  <Modal
    hardwareAccelerated={false}
    transparent={true}
    visible={false}
  >
    <View
      style={
        Object {
          "alignItems": "center",
          "backgroundColor": "transparent",
          "flex": 1,
          "justifyContent": "center",
        }
      }
    >
      <View
        style={
          Object {
            "alignItems": "center",
            "backgroundColor": "black",
            "height": 100,
            "justifyContent": "center",
            "opacity": 0.6,
            "width": 100,
          }
        }
      >
        <ActivityIndicator
          animating={true}
          color="white"
          hidesWhenStopped={true}
          size="large"
        />
        <Text
          style={
            Object {
              "color": "white",
              "padding": 6,
              "textAlign": "center",
            }
          }
        >
          加载中
        </Text>
      </View>
    </View>
  </Modal>
  <View
    style={
      Object {
        "alignItems": "center",
        "flex": 1,
        "justifyContent": "center",
      }
    }
  >
    <Image
      resizeMode="contain"
      source={
        Object {
          "uri": "logo",
        }
      }
      style={
        Object {
          "height": 80,
          "width": 600,
        }
      }
    />
    <View
      style={
        Array [
          Object {
            "alignItems": "center",
            "flexDirection": "row",
            "height": 80,
            "justifyContent": "center",
          },
          Object {},
        ]
      }
    >
      <View
        style={
          Array [
            Object {
              "alignItems": "center",
              "borderColor": "grey",
              "borderRadius": 20,
              "flex": 7,
              "flexDirection": "row",
              "height": 40,
              "justifyContent": "center",
              "marginLeft": 12,
            },
            Object {
              "backgroundColor": "white",
              "borderWidth": 1,
            },
          ]
        }
      >
        <View
          style={
            Object {
              "alignItems": "center",
              "flex": 1,
              "justifyContent": "center",
              "paddingLeft": 6,
            }
          }
        >
          <Image
            source={
              Object {
                "uri": "search",
              }
            }
            style={
              Object {
                "height": 16,
                "width": 16,
              }
            }
          />
        </View>
        <TextInput
          allowFontScaling={true}
          onChangeText={[Function]}
          rejectResponderTermination={true}
          style={
            Object {
              "flex": 6,
              "fontSize": 15,
              "padding": 2,
            }
          }
          underlineColorAndroid="transparent"
          value=""
        />
      </View>
      <View
        style={
          Object {
            "flex": 2,
            "padding": 6,
          }
        }
      >
        <View
          accessible={true}
          isTVSelectable={true}
          onResponderGrant={[Function]}
          onResponderMove={[Function]}
          onResponderRelease={[Function]}
          onResponderTerminate={[Function]}
          onResponderTerminationRequest={[Function]}
          onStartShouldSetResponder={[Function]}
          style={
            Object {
              "alignItems": "center",
              "justifyContent": "center",
              "opacity": 1,
            }
          }
        >
          <Text
            style={
              Object {
                "color": "black",
                "fontFamily": "字魂95号-手刻宋",
                "fontSize": 18,
              }
            }
          >
            搜索
          </Text>
        </View>
      </View>
    </View>
    <View>
      <View
        style={
          Object {
            "borderRadius": 3,
          }
        }
      >
        <View
          accessible={true}
          isTVSelectable={true}
          onResponderGrant={[Function]}
          onResponderMove={[Function]}
          onResponderRelease={[Function]}
          onResponderTerminate={[Function]}
          onResponderTerminationRequest={[Function]}
          onStartShouldSetResponder={[Function]}
          style={
            Object {
              "opacity": 1,
            }
          }
        >
          <View
            style={
              Object {
                "alignItems": "center",
                "backgroundColor": "transparent",
                "borderColor": "#2089dc",
                "borderRadius": 3,
                "borderWidth": 0,
                "flexDirection": "row",
                "justifyContent": "center",
                "padding": 8,
              }
            }
          >
            <Image
              source={
                Object {
                  "uri": "filter",
                }
              }
              style={
                Object {
                  "height": 15,
                  "width": 15,
                }
              }
            />
            <Text
              style={
                Object {
                  "color": "black",
                  "fontSize": 14,
                  "paddingBottom": 1,
                  "paddingTop": 2,
                  "textAlign": "center",
                }
              }
            >
              筛选
            </Text>
          </View>
        </View>
      </View>
      <View
        style={
          Object {
            "flexDirection": "row",
            "flexWrap": "wrap",
          }
        }
      >
        <View
          style={
            Object {
              "alignItems": "center",
              "flexDirection": "row",
              "flexWrap": "wrap",
            }
          }
        />
        <View
          style={
            Object {
              "alignItems": "center",
              "flexDirection": "row",
              "flexWrap": "wrap",
            }
          }
        />
        <View
          style={
            Object {
              "alignItems": "center",
              "flexDirection": "row",
              "flexWrap": "wrap",
            }
          }
        />
        <View
          style={
            Object {
              "alignItems": "center",
              "flexDirection": "row",
              "flexWrap": "wrap",
            }
          }
        />
        <View
          style={
            Object {
              "alignItems": "center",
              "flexDirection": "row",
              "flexWrap": "wrap",
            }
          }
        />
      </View>
    </View>
  </View>
</View>
`;
