// Jest Snapshot v1, https://goo.gl/fbAQLP

exports[`renders course page correctly 1`] = `
<View>
  <View
    accessibilityRole="button"
    accessibilityStates={Array []}
    accessible={true}
    isTVSelectable={true}
    onResponderGrant={[Function]}
    onResponderMove={[Function]}
    onResponderRelease={[Function]}
    onResponderTerminate={[Function]}
    onResponderTerminationRequest={[Function]}
    onStartShouldSetResponder={[Function]}
    style={
      Object {
        "opacity": 1,
      }
    }
  >
    <View
      style={
        Array [
          Object {},
        ]
      }
    >
      <Text
        style={
          Array [
            Object {
              "color": "#007AFF",
              "fontSize": 18,
              "padding": 8,
              "textAlign": "center",
            },
          ]
        }
      >
        筛选
      </Text>
    </View>
  </View>
  <View>
    <View
      style={
        Object {
          "backgroundColor": "white",
          "paddingBottom": 8,
          "paddingTop": 8,
        }
      }
    >
      <View
        style={
          Object {
            "paddingHorizontal": 0,
            "width": "100%",
          }
        }
      >
        <View
          style={
            Object {
              "alignItems": "center",
              "borderBottomWidth": 0,
              "borderColor": "#86939e",
              "flexDirection": "row",
              "transform": Array [
                Object {
                  "translateX": 0,
                },
              ],
              "width": "100%",
            }
          }
        >
          <View
            style={
              Object {
                "alignItems": "center",
                "height": 40,
                "justifyContent": "center",
                "marginLeft": 8,
              }
            }
          >
            <View>
              <View
                style={
                  Object {
                    "alignItems": "center",
                    "backgroundColor": "transparent",
                    "justifyContent": "center",
                  }
                }
                theme={
                  Object {
                    "colors": Object {
                      "disabled": "hsl(208, 8%, 90%)",
                      "divider": "#bcbbc1",
                      "error": "#ff190c",
                      "grey0": "#393e42",
                      "grey1": "#43484d",
                      "grey2": "#5e6977",
                      "grey3": "#86939e",
                      "grey4": "#bdc6cf",
                      "grey5": "#e1e8ee",
                      "greyOutline": "#bbb",
                      "platform": Object {
                        "android": Object {
                          "error": "#f44336",
                          "primary": "#2196f3",
                          "secondary": "#9C27B0",
                          "success": "#4caf50",
                          "warning": "#ffeb3b",
                        },
                        "ios": Object {
                          "error": "#ff3b30",
                          "primary": "#007aff",
                          "secondary": "#5856d6",
                          "success": "#4cd964",
                          "warning": "#ffcc00",
                        },
                      },
                      "primary": "#2089dc",
                      "searchBg": "#303337",
                      "secondary": "#8F0CE8",
                      "success": "#52c41a",
                      "warning": "#faad14",
                    },
                  }
                }
                underlayColor="white"
              >
                <Text
                  allowFontScaling={false}
                  style={
                    Array [
                      Object {
                        "color": "rgba(0, 0, 0, 0.54)",
                        "fontSize": 25,
                      },
                      Object {
                        "backgroundColor": "transparent",
                      },
                      Object {
                        "fontFamily": "Material Icons",
                        "fontStyle": "normal",
                        "fontWeight": "normal",
                      },
                      Object {},
                    ]
                  }
                  testID="iconIcon"
                >
                  
                </Text>
              </View>
            </View>
          </View>
          <TextInput
            allowFontScaling={true}
            onBlur={[Function]}
            onCancel={[Function]}
            onChangeText={[Function]}
            onClear={[Function]}
            onFocus={[Function]}
            placeholder="请输入课程名"
            platform="android"
            rejectResponderTermination={true}
            style={
              Object {
                "alignSelf": "center",
                "color": "black",
                "flex": 1,
                "fontSize": 18,
                "marginLeft": 24,
                "marginRight": 8,
                "minHeight": 40,
              }
            }
            testID="searchInput"
            underlineColorAndroid="transparent"
            value=""
          />
          <View
            style={
              Object {
                "alignItems": "center",
                "height": 40,
                "justifyContent": "center",
                "marginLeft": 15,
                "marginRight": 8,
              }
            }
          >
            <View
              style={
                Object {
                  "flexDirection": "row",
                }
              }
            />
          </View>
        </View>
      </View>
    </View>
    <View
      style={
        Object {
          "borderRadius": 3,
        }
      }
    >
      <View
        accessible={true}
        isTVSelectable={true}
        onResponderGrant={[Function]}
        onResponderMove={[Function]}
        onResponderRelease={[Function]}
        onResponderTerminate={[Function]}
        onResponderTerminationRequest={[Function]}
        onStartShouldSetResponder={[Function]}
        style={
          Object {
            "opacity": 1,
          }
        }
      >
        <View
          style={
            Object {
              "alignItems": "center",
              "backgroundColor": "transparent",
              "borderColor": "#2089dc",
              "borderRadius": 3,
              "borderWidth": 0,
              "flexDirection": "row",
              "justifyContent": "center",
              "padding": 8,
            }
          }
        >
          <Text
            style={
              Object {
                "color": "#2089dc",
                "fontSize": 18,
                "paddingBottom": 1,
                "paddingTop": 2,
                "textAlign": "center",
              }
            }
          >
            搜索
          </Text>
        </View>
      </View>
    </View>
  </View>
  <View>
    <RCTScrollView
      data={
        Array [
          Object {
            "course_credits": 2,
            "course_deptname": "船舶海洋与建筑工程学院",
            "course_hours": 32,
            "course_id": "CV440",
            "course_name": "土木工程应用软件",
            "general": false,
            "general_type": "",
          },
          Object {
            "course_credits": 2,
            "course_deptname": "电子信息与电气工程学院",
            "course_hours": 34,
            "course_id": "EE312",
            "course_name": "软件工程（C类）",
            "general": false,
            "general_type": "",
          },
          Object {
            "course_credits": 3,
            "course_deptname": "船舶海洋与建筑工程学院",
            "course_hours": 48,
            "course_id": "EM403",
            "course_name": "大型工程软件应用",
            "general": false,
            "general_type": "",
          },
          Object {
            "course_credits": 3,
            "course_deptname": "安泰经济与管理学院",
            "course_hours": 48,
            "course_id": "IM414",
            "course_name": "计算机硬件与软件原理",
            "general": false,
            "general_type": "",
          },
          Object {
            "course_credits": 2,
            "course_deptname": "电子信息与电气工程学院",
            "course_hours": 34,
            "course_id": "IS415",
            "course_name": "系统软件课程设计",
            "general": false,
            "general_type": "",
          },
          Object {
            "course_credits": 2,
            "course_deptname": "电子信息与电气工程学院",
            "course_hours": 32,
            "course_id": "SE100",
            "course_name": "软件工程创新实践基础",
            "general": false,
            "general_type": "",
          },
          Object {
            "course_credits": 4,
            "course_deptname": "电子信息与电气工程学院",
            "course_hours": 56,
            "course_id": "SE300",
            "course_name": "软件工程",
            "general": false,
            "general_type": "",
          },
          Object {
            "course_credits": 1,
            "course_deptname": "电子信息与电气工程学院",
            "course_hours": 16,
            "course_id": "SE407",
            "course_name": "软件工程",
            "general": false,
            "general_type": "",
          },
          Object {
            "course_credits": 1,
            "course_deptname": "电子信息与电气工程学院",
            "course_hours": 16,
            "course_id": "SE419",
            "course_name": "企业软件质量保证",
            "general": false,
            "general_type": "",
          },
          Object {
            "course_credits": 1,
            "course_deptname": "电子信息与电气工程学院",
            "course_hours": 16,
            "course_id": "SE422",
            "course_name": "企业软件过程与管理",
            "general": false,
            "general_type": "",
          },
          Object {
            "course_credits": 16,
            "course_deptname": "电子信息与电气工程学院",
            "course_hours": 256,
            "course_id": "XP401",
            "course_name": "生产实习（软件工程）",
            "general": false,
            "general_type": "",
          },
        ]
      }
      disableVirtualization={false}
      getItem={[Function]}
      getItemCount={[Function]}
      horizontal={false}
      initialNumToRender={10}
      keyExtractor={[Function]}
      maxToRenderPerBatch={10}
      numColumns={1}
      onContentSizeChange={[Function]}
      onEndReachedThreshold={2}
      onLayout={[Function]}
      onMomentumScrollEnd={[Function]}
      onScroll={[Function]}
      onScrollBeginDrag={[Function]}
      onScrollEndDrag={[Function]}
      removeClippedSubviews={false}
      renderItem={[Function]}
      scrollEventThrottle={50}
      stickyHeaderIndices={Array []}
      updateCellsBatchingPeriod={50}
      viewabilityConfigCallbackPairs={Array []}
      windowSize={21}
    >
      <View>
        <View
          onLayout={[Function]}
          style={null}
        >
          <View>
            <View
              style={
                Object {
                  "backgroundColor": "white",
                  "borderColor": "#e1e8ee",
                  "borderWidth": 1,
                  "margin": 15,
                  "marginBottom": 0,
                  "padding": 15,
                  "shadowColor": "rgba(0,0,0, .2)",
                  "shadowOffset": Object {
                    "height": 0,
                    "width": 0,
                  },
                  "shadowOpacity": 1,
                  "shadowRadius": 1,
                }
              }
            >
              <View
                style={
                  Object {
                    "backgroundColor": "transparent",
                  }
                }
              >
                <View>
                  <Text
                    style={
                      Object {
                        "color": "#43484d",
                        "fontSize": 17.5,
                        "fontWeight": "bold",
                        "marginBottom": 15,
                        "textAlign": "center",
                      }
                    }
                    testID="cardTitle"
                    theme={
                      Object {
                        "colors": Object {
                          "disabled": "hsl(208, 8%, 90%)",
                          "divider": "#bcbbc1",
                          "error": "#ff190c",
                          "grey0": "#393e42",
                          "grey1": "#43484d",
                          "grey2": "#5e6977",
                          "grey3": "#86939e",
                          "grey4": "#bdc6cf",
                          "grey5": "#e1e8ee",
                          "greyOutline": "#bbb",
                          "platform": Object {
                            "android": Object {
                              "error": "#f44336",
                              "primary": "#2196f3",
                              "secondary": "#9C27B0",
                              "success": "#4caf50",
                              "warning": "#ffeb3b",
                            },
                            "ios": Object {
                              "error": "#ff3b30",
                              "primary": "#007aff",
                              "secondary": "#5856d6",
                              "success": "#4cd964",
                              "warning": "#ffcc00",
                            },
                          },
                          "primary": "#2089dc",
                          "searchBg": "#303337",
                          "secondary": "#8F0CE8",
                          "success": "#52c41a",
                          "warning": "#faad14",
                        },
                      }
                    }
                  >
                    土木工程应用软件
                  </Text>
                  <View
                    style={
                      Object {
                        "backgroundColor": "#bcbbc1",
                        "height": 0.5,
                        "marginBottom": 15,
                      }
                    }
                  />
                </View>
                <Text>
                  课程编号：
                  CV440
                </Text>
                <Text>
                  学分：
                  2
                </Text>
                <Text>
                  是否通识：
                  否
                </Text>
              </View>
            </View>
            <View
              accessibilityRole="button"
              accessibilityStates={Array []}
              accessible={true}
              isTVSelectable={true}
              onResponderGrant={[Function]}
              onResponderMove={[Function]}
              onResponderRelease={[Function]}
              onResponderTerminate={[Function]}
              onResponderTerminationRequest={[Function]}
              onStartShouldSetResponder={[Function]}
              style={
                Object {
                  "opacity": 1,
                }
              }
            >
              <View
                style={
                  Array [
                    Object {},
                  ]
                }
              >
                <Text
                  style={
                    Array [
                      Object {
                        "color": "#007AFF",
                        "fontSize": 18,
                        "padding": 8,
                        "textAlign": "center",
                      },
                    ]
                  }
                >
                  Go to Details
                </Text>
              </View>
            </View>
          </View>
        </View>
        <View
          onLayout={[Function]}
          style={null}
        >
          <View>
            <View
              style={
                Object {
                  "backgroundColor": "white",
                  "borderColor": "#e1e8ee",
                  "borderWidth": 1,
                  "margin": 15,
                  "marginBottom": 0,
                  "padding": 15,
                  "shadowColor": "rgba(0,0,0, .2)",
                  "shadowOffset": Object {
                    "height": 0,
                    "width": 0,
                  },
                  "shadowOpacity": 1,
                  "shadowRadius": 1,
                }
              }
            >
              <View
                style={
                  Object {
                    "backgroundColor": "transparent",
                  }
                }
              >
                <View>
                  <Text
                    style={
                      Object {
                        "color": "#43484d",
                        "fontSize": 17.5,
                        "fontWeight": "bold",
                        "marginBottom": 15,
                        "textAlign": "center",
                      }
                    }
                    testID="cardTitle"
                    theme={
                      Object {
                        "colors": Object {
                          "disabled": "hsl(208, 8%, 90%)",
                          "divider": "#bcbbc1",
                          "error": "#ff190c",
                          "grey0": "#393e42",
                          "grey1": "#43484d",
                          "grey2": "#5e6977",
                          "grey3": "#86939e",
                          "grey4": "#bdc6cf",
                          "grey5": "#e1e8ee",
                          "greyOutline": "#bbb",
                          "platform": Object {
                            "android": Object {
                              "error": "#f44336",
                              "primary": "#2196f3",
                              "secondary": "#9C27B0",
                              "success": "#4caf50",
                              "warning": "#ffeb3b",
                            },
                            "ios": Object {
                              "error": "#ff3b30",
                              "primary": "#007aff",
                              "secondary": "#5856d6",
                              "success": "#4cd964",
                              "warning": "#ffcc00",
                            },
                          },
                          "primary": "#2089dc",
                          "searchBg": "#303337",
                          "secondary": "#8F0CE8",
                          "success": "#52c41a",
                          "warning": "#faad14",
                        },
                      }
                    }
                  >
                    软件工程（C类）
                  </Text>
                  <View
                    style={
                      Object {
                        "backgroundColor": "#bcbbc1",
                        "height": 0.5,
                        "marginBottom": 15,
                      }
                    }
                  />
                </View>
                <Text>
                  课程编号：
                  EE312
                </Text>
                <Text>
                  学分：
                  2
                </Text>
                <Text>
                  是否通识：
                  否
                </Text>
              </View>
            </View>
            <View
              accessibilityRole="button"
              accessibilityStates={Array []}
              accessible={true}
              isTVSelectable={true}
              onResponderGrant={[Function]}
              onResponderMove={[Function]}
              onResponderRelease={[Function]}
              onResponderTerminate={[Function]}
              onResponderTerminationRequest={[Function]}
              onStartShouldSetResponder={[Function]}
              style={
                Object {
                  "opacity": 1,
                }
              }
            >
              <View
                style={
                  Array [
                    Object {},
                  ]
                }
              >
                <Text
                  style={
                    Array [
                      Object {
                        "color": "#007AFF",
                        "fontSize": 18,
                        "padding": 8,
                        "textAlign": "center",
                      },
                    ]
                  }
                >
                  Go to Details
                </Text>
              </View>
            </View>
          </View>
        </View>
        <View
          onLayout={[Function]}
          style={null}
        >
          <View>
            <View
              style={
                Object {
                  "backgroundColor": "white",
                  "borderColor": "#e1e8ee",
                  "borderWidth": 1,
                  "margin": 15,
                  "marginBottom": 0,
                  "padding": 15,
                  "shadowColor": "rgba(0,0,0, .2)",
                  "shadowOffset": Object {
                    "height": 0,
                    "width": 0,
                  },
                  "shadowOpacity": 1,
                  "shadowRadius": 1,
                }
              }
            >
              <View
                style={
                  Object {
                    "backgroundColor": "transparent",
                  }
                }
              >
                <View>
                  <Text
                    style={
                      Object {
                        "color": "#43484d",
                        "fontSize": 17.5,
                        "fontWeight": "bold",
                        "marginBottom": 15,
                        "textAlign": "center",
                      }
                    }
                    testID="cardTitle"
                    theme={
                      Object {
                        "colors": Object {
                          "disabled": "hsl(208, 8%, 90%)",
                          "divider": "#bcbbc1",
                          "error": "#ff190c",
                          "grey0": "#393e42",
                          "grey1": "#43484d",
                          "grey2": "#5e6977",
                          "grey3": "#86939e",
                          "grey4": "#bdc6cf",
                          "grey5": "#e1e8ee",
                          "greyOutline": "#bbb",
                          "platform": Object {
                            "android": Object {
                              "error": "#f44336",
                              "primary": "#2196f3",
                              "secondary": "#9C27B0",
                              "success": "#4caf50",
                              "warning": "#ffeb3b",
                            },
                            "ios": Object {
                              "error": "#ff3b30",
                              "primary": "#007aff",
                              "secondary": "#5856d6",
                              "success": "#4cd964",
                              "warning": "#ffcc00",
                            },
                          },
                          "primary": "#2089dc",
                          "searchBg": "#303337",
                          "secondary": "#8F0CE8",
                          "success": "#52c41a",
                          "warning": "#faad14",
                        },
                      }
                    }
                  >
                    大型工程软件应用
                  </Text>
                  <View
                    style={
                      Object {
                        "backgroundColor": "#bcbbc1",
                        "height": 0.5,
                        "marginBottom": 15,
                      }
                    }
                  />
                </View>
                <Text>
                  课程编号：
                  EM403
                </Text>
                <Text>
                  学分：
                  3
                </Text>
                <Text>
                  是否通识：
                  否
                </Text>
              </View>
            </View>
            <View
              accessibilityRole="button"
              accessibilityStates={Array []}
              accessible={true}
              isTVSelectable={true}
              onResponderGrant={[Function]}
              onResponderMove={[Function]}
              onResponderRelease={[Function]}
              onResponderTerminate={[Function]}
              onResponderTerminationRequest={[Function]}
              onStartShouldSetResponder={[Function]}
              style={
                Object {
                  "opacity": 1,
                }
              }
            >
              <View
                style={
                  Array [
                    Object {},
                  ]
                }
              >
                <Text
                  style={
                    Array [
                      Object {
                        "color": "#007AFF",
                        "fontSize": 18,
                        "padding": 8,
                        "textAlign": "center",
                      },
                    ]
                  }
                >
                  Go to Details
                </Text>
              </View>
            </View>
          </View>
        </View>
        <View
          onLayout={[Function]}
          style={null}
        >
          <View>
            <View
              style={
                Object {
                  "backgroundColor": "white",
                  "borderColor": "#e1e8ee",
                  "borderWidth": 1,
                  "margin": 15,
                  "marginBottom": 0,
                  "padding": 15,
                  "shadowColor": "rgba(0,0,0, .2)",
                  "shadowOffset": Object {
                    "height": 0,
                    "width": 0,
                  },
                  "shadowOpacity": 1,
                  "shadowRadius": 1,
                }
              }
            >
              <View
                style={
                  Object {
                    "backgroundColor": "transparent",
                  }
                }
              >
                <View>
                  <Text
                    style={
                      Object {
                        "color": "#43484d",
                        "fontSize": 17.5,
                        "fontWeight": "bold",
                        "marginBottom": 15,
                        "textAlign": "center",
                      }
                    }
                    testID="cardTitle"
                    theme={
                      Object {
                        "colors": Object {
                          "disabled": "hsl(208, 8%, 90%)",
                          "divider": "#bcbbc1",
                          "error": "#ff190c",
                          "grey0": "#393e42",
                          "grey1": "#43484d",
                          "grey2": "#5e6977",
                          "grey3": "#86939e",
                          "grey4": "#bdc6cf",
                          "grey5": "#e1e8ee",
                          "greyOutline": "#bbb",
                          "platform": Object {
                            "android": Object {
                              "error": "#f44336",
                              "primary": "#2196f3",
                              "secondary": "#9C27B0",
                              "success": "#4caf50",
                              "warning": "#ffeb3b",
                            },
                            "ios": Object {
                              "error": "#ff3b30",
                              "primary": "#007aff",
                              "secondary": "#5856d6",
                              "success": "#4cd964",
                              "warning": "#ffcc00",
                            },
                          },
                          "primary": "#2089dc",
                          "searchBg": "#303337",
                          "secondary": "#8F0CE8",
                          "success": "#52c41a",
                          "warning": "#faad14",
                        },
                      }
                    }
                  >
                    计算机硬件与软件原理
                  </Text>
                  <View
                    style={
                      Object {
                        "backgroundColor": "#bcbbc1",
                        "height": 0.5,
                        "marginBottom": 15,
                      }
                    }
                  />
                </View>
                <Text>
                  课程编号：
                  IM414
                </Text>
                <Text>
                  学分：
                  3
                </Text>
                <Text>
                  是否通识：
                  否
                </Text>
              </View>
            </View>
            <View
              accessibilityRole="button"
              accessibilityStates={Array []}
              accessible={true}
              isTVSelectable={true}
              onResponderGrant={[Function]}
              onResponderMove={[Function]}
              onResponderRelease={[Function]}
              onResponderTerminate={[Function]}
              onResponderTerminationRequest={[Function]}
              onStartShouldSetResponder={[Function]}
              style={
                Object {
                  "opacity": 1,
                }
              }
            >
              <View
                style={
                  Array [
                    Object {},
                  ]
                }
              >
                <Text
                  style={
                    Array [
                      Object {
                        "color": "#007AFF",
                        "fontSize": 18,
                        "padding": 8,
                        "textAlign": "center",
                      },
                    ]
                  }
                >
                  Go to Details
                </Text>
              </View>
            </View>
          </View>
        </View>
        <View
          onLayout={[Function]}
          style={null}
        >
          <View>
            <View
              style={
                Object {
                  "backgroundColor": "white",
                  "borderColor": "#e1e8ee",
                  "borderWidth": 1,
                  "margin": 15,
                  "marginBottom": 0,
                  "padding": 15,
                  "shadowColor": "rgba(0,0,0, .2)",
                  "shadowOffset": Object {
                    "height": 0,
                    "width": 0,
                  },
                  "shadowOpacity": 1,
                  "shadowRadius": 1,
                }
              }
            >
              <View
                style={
                  Object {
                    "backgroundColor": "transparent",
                  }
                }
              >
                <View>
                  <Text
                    style={
                      Object {
                        "color": "#43484d",
                        "fontSize": 17.5,
                        "fontWeight": "bold",
                        "marginBottom": 15,
                        "textAlign": "center",
                      }
                    }
                    testID="cardTitle"
                    theme={
                      Object {
                        "colors": Object {
                          "disabled": "hsl(208, 8%, 90%)",
                          "divider": "#bcbbc1",
                          "error": "#ff190c",
                          "grey0": "#393e42",
                          "grey1": "#43484d",
                          "grey2": "#5e6977",
                          "grey3": "#86939e",
                          "grey4": "#bdc6cf",
                          "grey5": "#e1e8ee",
                          "greyOutline": "#bbb",
                          "platform": Object {
                            "android": Object {
                              "error": "#f44336",
                              "primary": "#2196f3",
                              "secondary": "#9C27B0",
                              "success": "#4caf50",
                              "warning": "#ffeb3b",
                            },
                            "ios": Object {
                              "error": "#ff3b30",
                              "primary": "#007aff",
                              "secondary": "#5856d6",
                              "success": "#4cd964",
                              "warning": "#ffcc00",
                            },
                          },
                          "primary": "#2089dc",
                          "searchBg": "#303337",
                          "secondary": "#8F0CE8",
                          "success": "#52c41a",
                          "warning": "#faad14",
                        },
                      }
                    }
                  >
                    系统软件课程设计
                  </Text>
                  <View
                    style={
                      Object {
                        "backgroundColor": "#bcbbc1",
                        "height": 0.5,
                        "marginBottom": 15,
                      }
                    }
                  />
                </View>
                <Text>
                  课程编号：
                  IS415
                </Text>
                <Text>
                  学分：
                  2
                </Text>
                <Text>
                  是否通识：
                  否
                </Text>
              </View>
            </View>
            <View
              accessibilityRole="button"
              accessibilityStates={Array []}
              accessible={true}
              isTVSelectable={true}
              onResponderGrant={[Function]}
              onResponderMove={[Function]}
              onResponderRelease={[Function]}
              onResponderTerminate={[Function]}
              onResponderTerminationRequest={[Function]}
              onStartShouldSetResponder={[Function]}
              style={
                Object {
                  "opacity": 1,
                }
              }
            >
              <View
                style={
                  Array [
                    Object {},
                  ]
                }
              >
                <Text
                  style={
                    Array [
                      Object {
                        "color": "#007AFF",
                        "fontSize": 18,
                        "padding": 8,
                        "textAlign": "center",
                      },
                    ]
                  }
                >
                  Go to Details
                </Text>
              </View>
            </View>
          </View>
        </View>
        <View
          onLayout={[Function]}
          style={null}
        >
          <View>
            <View
              style={
                Object {
                  "backgroundColor": "white",
                  "borderColor": "#e1e8ee",
                  "borderWidth": 1,
                  "margin": 15,
                  "marginBottom": 0,
                  "padding": 15,
                  "shadowColor": "rgba(0,0,0, .2)",
                  "shadowOffset": Object {
                    "height": 0,
                    "width": 0,
                  },
                  "shadowOpacity": 1,
                  "shadowRadius": 1,
                }
              }
            >
              <View
                style={
                  Object {
                    "backgroundColor": "transparent",
                  }
                }
              >
                <View>
                  <Text
                    style={
                      Object {
                        "color": "#43484d",
                        "fontSize": 17.5,
                        "fontWeight": "bold",
                        "marginBottom": 15,
                        "textAlign": "center",
                      }
                    }
                    testID="cardTitle"
                    theme={
                      Object {
                        "colors": Object {
                          "disabled": "hsl(208, 8%, 90%)",
                          "divider": "#bcbbc1",
                          "error": "#ff190c",
                          "grey0": "#393e42",
                          "grey1": "#43484d",
                          "grey2": "#5e6977",
                          "grey3": "#86939e",
                          "grey4": "#bdc6cf",
                          "grey5": "#e1e8ee",
                          "greyOutline": "#bbb",
                          "platform": Object {
                            "android": Object {
                              "error": "#f44336",
                              "primary": "#2196f3",
                              "secondary": "#9C27B0",
                              "success": "#4caf50",
                              "warning": "#ffeb3b",
                            },
                            "ios": Object {
                              "error": "#ff3b30",
                              "primary": "#007aff",
                              "secondary": "#5856d6",
                              "success": "#4cd964",
                              "warning": "#ffcc00",
                            },
                          },
                          "primary": "#2089dc",
                          "searchBg": "#303337",
                          "secondary": "#8F0CE8",
                          "success": "#52c41a",
                          "warning": "#faad14",
                        },
                      }
                    }
                  >
                    软件工程创新实践基础
                  </Text>
                  <View
                    style={
                      Object {
                        "backgroundColor": "#bcbbc1",
                        "height": 0.5,
                        "marginBottom": 15,
                      }
                    }
                  />
                </View>
                <Text>
                  课程编号：
                  SE100
                </Text>
                <Text>
                  学分：
                  2
                </Text>
                <Text>
                  是否通识：
                  否
                </Text>
              </View>
            </View>
            <View
              accessibilityRole="button"
              accessibilityStates={Array []}
              accessible={true}
              isTVSelectable={true}
              onResponderGrant={[Function]}
              onResponderMove={[Function]}
              onResponderRelease={[Function]}
              onResponderTerminate={[Function]}
              onResponderTerminationRequest={[Function]}
              onStartShouldSetResponder={[Function]}
              style={
                Object {
                  "opacity": 1,
                }
              }
            >
              <View
                style={
                  Array [
                    Object {},
                  ]
                }
              >
                <Text
                  style={
                    Array [
                      Object {
                        "color": "#007AFF",
                        "fontSize": 18,
                        "padding": 8,
                        "textAlign": "center",
                      },
                    ]
                  }
                >
                  Go to Details
                </Text>
              </View>
            </View>
          </View>
        </View>
        <View
          onLayout={[Function]}
          style={null}
        >
          <View>
            <View
              style={
                Object {
                  "backgroundColor": "white",
                  "borderColor": "#e1e8ee",
                  "borderWidth": 1,
                  "margin": 15,
                  "marginBottom": 0,
                  "padding": 15,
                  "shadowColor": "rgba(0,0,0, .2)",
                  "shadowOffset": Object {
                    "height": 0,
                    "width": 0,
                  },
                  "shadowOpacity": 1,
                  "shadowRadius": 1,
                }
              }
            >
              <View
                style={
                  Object {
                    "backgroundColor": "transparent",
                  }
                }
              >
                <View>
                  <Text
                    style={
                      Object {
                        "color": "#43484d",
                        "fontSize": 17.5,
                        "fontWeight": "bold",
                        "marginBottom": 15,
                        "textAlign": "center",
                      }
                    }
                    testID="cardTitle"
                    theme={
                      Object {
                        "colors": Object {
                          "disabled": "hsl(208, 8%, 90%)",
                          "divider": "#bcbbc1",
                          "error": "#ff190c",
                          "grey0": "#393e42",
                          "grey1": "#43484d",
                          "grey2": "#5e6977",
                          "grey3": "#86939e",
                          "grey4": "#bdc6cf",
                          "grey5": "#e1e8ee",
                          "greyOutline": "#bbb",
                          "platform": Object {
                            "android": Object {
                              "error": "#f44336",
                              "primary": "#2196f3",
                              "secondary": "#9C27B0",
                              "success": "#4caf50",
                              "warning": "#ffeb3b",
                            },
                            "ios": Object {
                              "error": "#ff3b30",
                              "primary": "#007aff",
                              "secondary": "#5856d6",
                              "success": "#4cd964",
                              "warning": "#ffcc00",
                            },
                          },
                          "primary": "#2089dc",
                          "searchBg": "#303337",
                          "secondary": "#8F0CE8",
                          "success": "#52c41a",
                          "warning": "#faad14",
                        },
                      }
                    }
                  >
                    软件工程
                  </Text>
                  <View
                    style={
                      Object {
                        "backgroundColor": "#bcbbc1",
                        "height": 0.5,
                        "marginBottom": 15,
                      }
                    }
                  />
                </View>
                <Text>
                  课程编号：
                  SE300
                </Text>
                <Text>
                  学分：
                  4
                </Text>
                <Text>
                  是否通识：
                  否
                </Text>
              </View>
            </View>
            <View
              accessibilityRole="button"
              accessibilityStates={Array []}
              accessible={true}
              isTVSelectable={true}
              onResponderGrant={[Function]}
              onResponderMove={[Function]}
              onResponderRelease={[Function]}
              onResponderTerminate={[Function]}
              onResponderTerminationRequest={[Function]}
              onStartShouldSetResponder={[Function]}
              style={
                Object {
                  "opacity": 1,
                }
              }
            >
              <View
                style={
                  Array [
                    Object {},
                  ]
                }
              >
                <Text
                  style={
                    Array [
                      Object {
                        "color": "#007AFF",
                        "fontSize": 18,
                        "padding": 8,
                        "textAlign": "center",
                      },
                    ]
                  }
                >
                  Go to Details
                </Text>
              </View>
            </View>
          </View>
        </View>
        <View
          onLayout={[Function]}
          style={null}
        >
          <View>
            <View
              style={
                Object {
                  "backgroundColor": "white",
                  "borderColor": "#e1e8ee",
                  "borderWidth": 1,
                  "margin": 15,
                  "marginBottom": 0,
                  "padding": 15,
                  "shadowColor": "rgba(0,0,0, .2)",
                  "shadowOffset": Object {
                    "height": 0,
                    "width": 0,
                  },
                  "shadowOpacity": 1,
                  "shadowRadius": 1,
                }
              }
            >
              <View
                style={
                  Object {
                    "backgroundColor": "transparent",
                  }
                }
              >
                <View>
                  <Text
                    style={
                      Object {
                        "color": "#43484d",
                        "fontSize": 17.5,
                        "fontWeight": "bold",
                        "marginBottom": 15,
                        "textAlign": "center",
                      }
                    }
                    testID="cardTitle"
                    theme={
                      Object {
                        "colors": Object {
                          "disabled": "hsl(208, 8%, 90%)",
                          "divider": "#bcbbc1",
                          "error": "#ff190c",
                          "grey0": "#393e42",
                          "grey1": "#43484d",
                          "grey2": "#5e6977",
                          "grey3": "#86939e",
                          "grey4": "#bdc6cf",
                          "grey5": "#e1e8ee",
                          "greyOutline": "#bbb",
                          "platform": Object {
                            "android": Object {
                              "error": "#f44336",
                              "primary": "#2196f3",
                              "secondary": "#9C27B0",
                              "success": "#4caf50",
                              "warning": "#ffeb3b",
                            },
                            "ios": Object {
                              "error": "#ff3b30",
                              "primary": "#007aff",
                              "secondary": "#5856d6",
                              "success": "#4cd964",
                              "warning": "#ffcc00",
                            },
                          },
                          "primary": "#2089dc",
                          "searchBg": "#303337",
                          "secondary": "#8F0CE8",
                          "success": "#52c41a",
                          "warning": "#faad14",
                        },
                      }
                    }
                  >
                    软件工程
                  </Text>
                  <View
                    style={
                      Object {
                        "backgroundColor": "#bcbbc1",
                        "height": 0.5,
                        "marginBottom": 15,
                      }
                    }
                  />
                </View>
                <Text>
                  课程编号：
                  SE407
                </Text>
                <Text>
                  学分：
                  1
                </Text>
                <Text>
                  是否通识：
                  否
                </Text>
              </View>
            </View>
            <View
              accessibilityRole="button"
              accessibilityStates={Array []}
              accessible={true}
              isTVSelectable={true}
              onResponderGrant={[Function]}
              onResponderMove={[Function]}
              onResponderRelease={[Function]}
              onResponderTerminate={[Function]}
              onResponderTerminationRequest={[Function]}
              onStartShouldSetResponder={[Function]}
              style={
                Object {
                  "opacity": 1,
                }
              }
            >
              <View
                style={
                  Array [
                    Object {},
                  ]
                }
              >
                <Text
                  style={
                    Array [
                      Object {
                        "color": "#007AFF",
                        "fontSize": 18,
                        "padding": 8,
                        "textAlign": "center",
                      },
                    ]
                  }
                >
                  Go to Details
                </Text>
              </View>
            </View>
          </View>
        </View>
        <View
          onLayout={[Function]}
          style={null}
        >
          <View>
            <View
              style={
                Object {
                  "backgroundColor": "white",
                  "borderColor": "#e1e8ee",
                  "borderWidth": 1,
                  "margin": 15,
                  "marginBottom": 0,
                  "padding": 15,
                  "shadowColor": "rgba(0,0,0, .2)",
                  "shadowOffset": Object {
                    "height": 0,
                    "width": 0,
                  },
                  "shadowOpacity": 1,
                  "shadowRadius": 1,
                }
              }
            >
              <View
                style={
                  Object {
                    "backgroundColor": "transparent",
                  }
                }
              >
                <View>
                  <Text
                    style={
                      Object {
                        "color": "#43484d",
                        "fontSize": 17.5,
                        "fontWeight": "bold",
                        "marginBottom": 15,
                        "textAlign": "center",
                      }
                    }
                    testID="cardTitle"
                    theme={
                      Object {
                        "colors": Object {
                          "disabled": "hsl(208, 8%, 90%)",
                          "divider": "#bcbbc1",
                          "error": "#ff190c",
                          "grey0": "#393e42",
                          "grey1": "#43484d",
                          "grey2": "#5e6977",
                          "grey3": "#86939e",
                          "grey4": "#bdc6cf",
                          "grey5": "#e1e8ee",
                          "greyOutline": "#bbb",
                          "platform": Object {
                            "android": Object {
                              "error": "#f44336",
                              "primary": "#2196f3",
                              "secondary": "#9C27B0",
                              "success": "#4caf50",
                              "warning": "#ffeb3b",
                            },
                            "ios": Object {
                              "error": "#ff3b30",
                              "primary": "#007aff",
                              "secondary": "#5856d6",
                              "success": "#4cd964",
                              "warning": "#ffcc00",
                            },
                          },
                          "primary": "#2089dc",
                          "searchBg": "#303337",
                          "secondary": "#8F0CE8",
                          "success": "#52c41a",
                          "warning": "#faad14",
                        },
                      }
                    }
                  >
                    企业软件质量保证
                  </Text>
                  <View
                    style={
                      Object {
                        "backgroundColor": "#bcbbc1",
                        "height": 0.5,
                        "marginBottom": 15,
                      }
                    }
                  />
                </View>
                <Text>
                  课程编号：
                  SE419
                </Text>
                <Text>
                  学分：
                  1
                </Text>
                <Text>
                  是否通识：
                  否
                </Text>
              </View>
            </View>
            <View
              accessibilityRole="button"
              accessibilityStates={Array []}
              accessible={true}
              isTVSelectable={true}
              onResponderGrant={[Function]}
              onResponderMove={[Function]}
              onResponderRelease={[Function]}
              onResponderTerminate={[Function]}
              onResponderTerminationRequest={[Function]}
              onStartShouldSetResponder={[Function]}
              style={
                Object {
                  "opacity": 1,
                }
              }
            >
              <View
                style={
                  Array [
                    Object {},
                  ]
                }
              >
                <Text
                  style={
                    Array [
                      Object {
                        "color": "#007AFF",
                        "fontSize": 18,
                        "padding": 8,
                        "textAlign": "center",
                      },
                    ]
                  }
                >
                  Go to Details
                </Text>
              </View>
            </View>
          </View>
        </View>
        <View
          onLayout={[Function]}
          style={null}
        >
          <View>
            <View
              style={
                Object {
                  "backgroundColor": "white",
                  "borderColor": "#e1e8ee",
                  "borderWidth": 1,
                  "margin": 15,
                  "marginBottom": 0,
                  "padding": 15,
                  "shadowColor": "rgba(0,0,0, .2)",
                  "shadowOffset": Object {
                    "height": 0,
                    "width": 0,
                  },
                  "shadowOpacity": 1,
                  "shadowRadius": 1,
                }
              }
            >
              <View
                style={
                  Object {
                    "backgroundColor": "transparent",
                  }
                }
              >
                <View>
                  <Text
                    style={
                      Object {
                        "color": "#43484d",
                        "fontSize": 17.5,
                        "fontWeight": "bold",
                        "marginBottom": 15,
                        "textAlign": "center",
                      }
                    }
                    testID="cardTitle"
                    theme={
                      Object {
                        "colors": Object {
                          "disabled": "hsl(208, 8%, 90%)",
                          "divider": "#bcbbc1",
                          "error": "#ff190c",
                          "grey0": "#393e42",
                          "grey1": "#43484d",
                          "grey2": "#5e6977",
                          "grey3": "#86939e",
                          "grey4": "#bdc6cf",
                          "grey5": "#e1e8ee",
                          "greyOutline": "#bbb",
                          "platform": Object {
                            "android": Object {
                              "error": "#f44336",
                              "primary": "#2196f3",
                              "secondary": "#9C27B0",
                              "success": "#4caf50",
                              "warning": "#ffeb3b",
                            },
                            "ios": Object {
                              "error": "#ff3b30",
                              "primary": "#007aff",
                              "secondary": "#5856d6",
                              "success": "#4cd964",
                              "warning": "#ffcc00",
                            },
                          },
                          "primary": "#2089dc",
                          "searchBg": "#303337",
                          "secondary": "#8F0CE8",
                          "success": "#52c41a",
                          "warning": "#faad14",
                        },
                      }
                    }
                  >
                    企业软件过程与管理
                  </Text>
                  <View
                    style={
                      Object {
                        "backgroundColor": "#bcbbc1",
                        "height": 0.5,
                        "marginBottom": 15,
                      }
                    }
                  />
                </View>
                <Text>
                  课程编号：
                  SE422
                </Text>
                <Text>
                  学分：
                  1
                </Text>
                <Text>
                  是否通识：
                  否
                </Text>
              </View>
            </View>
            <View
              accessibilityRole="button"
              accessibilityStates={Array []}
              accessible={true}
              isTVSelectable={true}
              onResponderGrant={[Function]}
              onResponderMove={[Function]}
              onResponderRelease={[Function]}
              onResponderTerminate={[Function]}
              onResponderTerminationRequest={[Function]}
              onStartShouldSetResponder={[Function]}
              style={
                Object {
                  "opacity": 1,
                }
              }
            >
              <View
                style={
                  Array [
                    Object {},
                  ]
                }
              >
                <Text
                  style={
                    Array [
                      Object {
                        "color": "#007AFF",
                        "fontSize": 18,
                        "padding": 8,
                        "textAlign": "center",
                      },
                    ]
                  }
                >
                  Go to Details
                </Text>
              </View>
            </View>
          </View>
        </View>
        <View
          style={
            Object {
              "height": 0,
            }
          }
        />
      </View>
    </RCTScrollView>
  </View>
  <Modal
    hardwareAccelerated={false}
    onRequestClose={[Function]}
    theme={
      Object {
        "colors": Object {
          "disabled": "hsl(208, 8%, 90%)",
          "divider": "#bcbbc1",
          "error": "#ff190c",
          "grey0": "#393e42",
          "grey1": "#43484d",
          "grey2": "#5e6977",
          "grey3": "#86939e",
          "grey4": "#bdc6cf",
          "grey5": "#e1e8ee",
          "greyOutline": "#bbb",
          "platform": Object {
            "android": Object {
              "error": "#f44336",
              "primary": "#2196f3",
              "secondary": "#9C27B0",
              "success": "#4caf50",
              "warning": "#ffeb3b",
            },
            "ios": Object {
              "error": "#ff3b30",
              "primary": "#007aff",
              "secondary": "#5856d6",
              "success": "#4cd964",
              "warning": "#ffcc00",
            },
          },
          "primary": "#2089dc",
          "searchBg": "#303337",
          "secondary": "#8F0CE8",
          "success": "#52c41a",
          "warning": "#faad14",
        },
      }
    }
    transparent={true}
    visible={false}
  >
    <View
      accessible={true}
      onResponderGrant={[Function]}
      onResponderMove={[Function]}
      onResponderRelease={[Function]}
      onResponderTerminate={[Function]}
      onResponderTerminationRequest={[Function]}
      onStartShouldSetResponder={[Function]}
      style={
        Object {
          "alignItems": "center",
          "backgroundColor": "rgba(0, 0, 0, .4)",
          "height": "100%",
          "justifyContent": "center",
          "left": 0,
          "position": "absolute",
          "top": 0,
          "width": "100%",
        }
      }
      testID="RNE__Overlay__backdrop"
    />
    <View
      pointerEvents="box-none"
      style={
        Object {
          "alignItems": "center",
          "flex": 1,
          "justifyContent": "center",
        }
      }
    >
      <View
        style={
          Object {
            "backgroundColor": "white",
            "borderRadius": 3,
            "height": 1154,
            "padding": 10,
            "shadowColor": "rgba(0, 0, 0, .3)",
            "shadowOffset": Object {
              "height": 1,
              "width": 0,
            },
            "shadowRadius": 4,
            "width": 670,
          }
        }
      >
        <View>
          <View>
            <View
              style={
                Object {
                  "flexDirection": "row",
                }
              }
            >
              <Text
                style={
                  Object {
                    "flex": 8,
                  }
                }
              >
                学分
              </Text>
              <View
                accessible={true}
                isTVSelectable={true}
                onResponderGrant={[Function]}
                onResponderMove={[Function]}
                onResponderRelease={[Function]}
                onResponderTerminate={[Function]}
                onResponderTerminationRequest={[Function]}
                onStartShouldSetResponder={[Function]}
                style={
                  Object {
                    "flex": 1,
                    "opacity": 1,
                  }
                }
              >
                <Image
                  source={
                    Object {
                      "uri": "arrow_up_outline",
                    }
                  }
                  style={
                    Object {
                      "height": 30,
                      "width": 30,
                    }
                  }
                />
              </View>
            </View>
            <View
              style={
                Object {
                  "display": "flex",
                  "flexDirection": "row",
                  "flexWrap": "wrap",
                }
              }
            >
              <View
                style={
                  Object {
                    "padding": 6,
                  }
                }
              >
                <View
                  style={
                    Object {
                      "borderRadius": 3,
                    }
                  }
                >
                  <View
                    accessible={true}
                    isTVSelectable={true}
                    onResponderGrant={[Function]}
                    onResponderMove={[Function]}
                    onResponderRelease={[Function]}
                    onResponderTerminate={[Function]}
                    onResponderTerminationRequest={[Function]}
                    onStartShouldSetResponder={[Function]}
                    style={
                      Object {
                        "opacity": 1,
                      }
                    }
                  >
                    <View
                      style={
                        Object {
                          "alignItems": "center",
                          "backgroundColor": "#F8F8FF",
                          "borderColor": "#2089dc",
                          "borderRadius": 3,
                          "borderWidth": 0,
                          "flexDirection": "row",
                          "justifyContent": "center",
                          "padding": 8,
                        }
                      }
                    >
                      <Text
                        style={
                          Object {
                            "color": "black",
                            "fontSize": 15,
                            "paddingBottom": 1,
                            "paddingTop": 2,
                            "textAlign": "center",
                          }
                        }
                      >
                        1
                      </Text>
                    </View>
                  </View>
                </View>
              </View>
              <View
                style={
                  Object {
                    "padding": 6,
                  }
                }
              >
                <View
                  style={
                    Object {
                      "borderRadius": 3,
                    }
                  }
                >
                  <View
                    accessible={true}
                    isTVSelectable={true}
                    onResponderGrant={[Function]}
                    onResponderMove={[Function]}
                    onResponderRelease={[Function]}
                    onResponderTerminate={[Function]}
                    onResponderTerminationRequest={[Function]}
                    onStartShouldSetResponder={[Function]}
                    style={
                      Object {
                        "opacity": 1,
                      }
                    }
                  >
                    <View
                      style={
                        Object {
                          "alignItems": "center",
                          "backgroundColor": "#F8F8FF",
                          "borderColor": "#2089dc",
                          "borderRadius": 3,
                          "borderWidth": 0,
                          "flexDirection": "row",
                          "justifyContent": "center",
                          "padding": 8,
                        }
                      }
                    >
                      <Text
                        style={
                          Object {
                            "color": "black",
                            "fontSize": 15,
                            "paddingBottom": 1,
                            "paddingTop": 2,
                            "textAlign": "center",
                          }
                        }
                      >
                        2
                      </Text>
                    </View>
                  </View>
                </View>
              </View>
              <View
                style={
                  Object {
                    "padding": 6,
                  }
                }
              >
                <View
                  style={
                    Object {
                      "borderRadius": 3,
                    }
                  }
                >
                  <View
                    accessible={true}
                    isTVSelectable={true}
                    onResponderGrant={[Function]}
                    onResponderMove={[Function]}
                    onResponderRelease={[Function]}
                    onResponderTerminate={[Function]}
                    onResponderTerminationRequest={[Function]}
                    onStartShouldSetResponder={[Function]}
                    style={
                      Object {
                        "opacity": 1,
                      }
                    }
                  >
                    <View
                      style={
                        Object {
                          "alignItems": "center",
                          "backgroundColor": "#F8F8FF",
                          "borderColor": "#2089dc",
                          "borderRadius": 3,
                          "borderWidth": 0,
                          "flexDirection": "row",
                          "justifyContent": "center",
                          "padding": 8,
                        }
                      }
                    >
                      <Text
                        style={
                          Object {
                            "color": "black",
                            "fontSize": 15,
                            "paddingBottom": 1,
                            "paddingTop": 2,
                            "textAlign": "center",
                          }
                        }
                      >
                        3
                      </Text>
                    </View>
                  </View>
                </View>
              </View>
              <View
                style={
                  Object {
                    "padding": 6,
                  }
                }
              >
                <View
                  style={
                    Object {
                      "borderRadius": 3,
                    }
                  }
                >
                  <View
                    accessible={true}
                    isTVSelectable={true}
                    onResponderGrant={[Function]}
                    onResponderMove={[Function]}
                    onResponderRelease={[Function]}
                    onResponderTerminate={[Function]}
                    onResponderTerminationRequest={[Function]}
                    onStartShouldSetResponder={[Function]}
                    style={
                      Object {
                        "opacity": 1,
                      }
                    }
                  >
                    <View
                      style={
                        Object {
                          "alignItems": "center",
                          "backgroundColor": "#F8F8FF",
                          "borderColor": "#2089dc",
                          "borderRadius": 3,
                          "borderWidth": 0,
                          "flexDirection": "row",
                          "justifyContent": "center",
                          "padding": 8,
                        }
                      }
                    >
                      <Text
                        style={
                          Object {
                            "color": "black",
                            "fontSize": 15,
                            "paddingBottom": 1,
                            "paddingTop": 2,
                            "textAlign": "center",
                          }
                        }
                      >
                        4
                      </Text>
                    </View>
                  </View>
                </View>
              </View>
            </View>
          </View>
          <View>
            <View
              style={
                Object {
                  "flexDirection": "row",
                }
              }
            >
              <Text
                style={
                  Object {
                    "flex": 8,
                  }
                }
              >
                通识类型
              </Text>
              <View
                accessible={true}
                isTVSelectable={true}
                onResponderGrant={[Function]}
                onResponderMove={[Function]}
                onResponderRelease={[Function]}
                onResponderTerminate={[Function]}
                onResponderTerminationRequest={[Function]}
                onStartShouldSetResponder={[Function]}
                style={
                  Object {
                    "flex": 1,
                    "opacity": 1,
                  }
                }
              >
                <Image
                  source={
                    Object {
                      "uri": "arrow_up_outline",
                    }
                  }
                  style={
                    Object {
                      "height": 30,
                      "width": 30,
                    }
                  }
                />
              </View>
            </View>
            <View
              style={
                Object {
                  "display": "flex",
                  "flexDirection": "row",
                  "flexWrap": "wrap",
                }
              }
            >
              <View
                style={
                  Object {
                    "padding": 6,
                  }
                }
              >
                <View
                  style={
                    Object {
                      "borderRadius": 3,
                    }
                  }
                >
                  <View
                    accessible={true}
                    isTVSelectable={true}
                    onResponderGrant={[Function]}
                    onResponderMove={[Function]}
                    onResponderRelease={[Function]}
                    onResponderTerminate={[Function]}
                    onResponderTerminationRequest={[Function]}
                    onStartShouldSetResponder={[Function]}
                    style={
                      Object {
                        "opacity": 1,
                      }
                    }
                  >
                    <View
                      style={
                        Object {
                          "alignItems": "center",
                          "backgroundColor": "#F8F8FF",
                          "borderColor": "#2089dc",
                          "borderRadius": 3,
                          "borderWidth": 0,
                          "flexDirection": "row",
                          "justifyContent": "center",
                          "padding": 8,
                        }
                      }
                    >
                      <Text
                        style={
                          Object {
                            "color": "black",
                            "fontSize": 15,
                            "paddingBottom": 1,
                            "paddingTop": 2,
                            "textAlign": "center",
                          }
                        }
                      >
                        人文学科
                      </Text>
                    </View>
                  </View>
                </View>
              </View>
              <View
                style={
                  Object {
                    "padding": 6,
                  }
                }
              >
                <View
                  style={
                    Object {
                      "borderRadius": 3,
                    }
                  }
                >
                  <View
                    accessible={true}
                    isTVSelectable={true}
                    onResponderGrant={[Function]}
                    onResponderMove={[Function]}
                    onResponderRelease={[Function]}
                    onResponderTerminate={[Function]}
                    onResponderTerminationRequest={[Function]}
                    onStartShouldSetResponder={[Function]}
                    style={
                      Object {
                        "opacity": 1,
                      }
                    }
                  >
                    <View
                      style={
                        Object {
                          "alignItems": "center",
                          "backgroundColor": "#F8F8FF",
                          "borderColor": "#2089dc",
                          "borderRadius": 3,
                          "borderWidth": 0,
                          "flexDirection": "row",
                          "justifyContent": "center",
                          "padding": 8,
                        }
                      }
                    >
                      <Text
                        style={
                          Object {
                            "color": "black",
                            "fontSize": 15,
                            "paddingBottom": 1,
                            "paddingTop": 2,
                            "textAlign": "center",
                          }
                        }
                      >
                        社会科学
                      </Text>
                    </View>
                  </View>
                </View>
              </View>
              <View
                style={
                  Object {
                    "padding": 6,
                  }
                }
              >
                <View
                  style={
                    Object {
                      "borderRadius": 3,
                    }
                  }
                >
                  <View
                    accessible={true}
                    isTVSelectable={true}
                    onResponderGrant={[Function]}
                    onResponderMove={[Function]}
                    onResponderRelease={[Function]}
                    onResponderTerminate={[Function]}
                    onResponderTerminationRequest={[Function]}
                    onStartShouldSetResponder={[Function]}
                    style={
                      Object {
                        "opacity": 1,
                      }
                    }
                  >
                    <View
                      style={
                        Object {
                          "alignItems": "center",
                          "backgroundColor": "#F8F8FF",
                          "borderColor": "#2089dc",
                          "borderRadius": 3,
                          "borderWidth": 0,
                          "flexDirection": "row",
                          "justifyContent": "center",
                          "padding": 8,
                        }
                      }
                    >
                      <Text
                        style={
                          Object {
                            "color": "black",
                            "fontSize": 15,
                            "paddingBottom": 1,
                            "paddingTop": 2,
                            "textAlign": "center",
                          }
                        }
                      >
                        自然科学
                      </Text>
                    </View>
                  </View>
                </View>
              </View>
              <View
                style={
                  Object {
                    "padding": 6,
                  }
                }
              >
                <View
                  style={
                    Object {
                      "borderRadius": 3,
                    }
                  }
                >
                  <View
                    accessible={true}
                    isTVSelectable={true}
                    onResponderGrant={[Function]}
                    onResponderMove={[Function]}
                    onResponderRelease={[Function]}
                    onResponderTerminate={[Function]}
                    onResponderTerminationRequest={[Function]}
                    onStartShouldSetResponder={[Function]}
                    style={
                      Object {
                        "opacity": 1,
                      }
                    }
                  >
                    <View
                      style={
                        Object {
                          "alignItems": "center",
                          "backgroundColor": "#F8F8FF",
                          "borderColor": "#2089dc",
                          "borderRadius": 3,
                          "borderWidth": 0,
                          "flexDirection": "row",
                          "justifyContent": "center",
                          "padding": 8,
                        }
                      }
                    >
                      <Text
                        style={
                          Object {
                            "color": "black",
                            "fontSize": 15,
                            "paddingBottom": 1,
                            "paddingTop": 2,
                            "textAlign": "center",
                          }
                        }
                      >
                        工程科学与技术
                      </Text>
                    </View>
                  </View>
                </View>
              </View>
            </View>
          </View>
          <View>
            <View
              style={
                Object {
                  "flexDirection": "row",
                }
              }
            >
              <Text
                style={
                  Object {
                    "flex": 8,
                  }
                }
              >
                上课时间
              </Text>
              <View
                accessible={true}
                isTVSelectable={true}
                onResponderGrant={[Function]}
                onResponderMove={[Function]}
                onResponderRelease={[Function]}
                onResponderTerminate={[Function]}
                onResponderTerminationRequest={[Function]}
                onStartShouldSetResponder={[Function]}
                style={
                  Object {
                    "flex": 1,
                    "opacity": 1,
                  }
                }
              >
                <Image
                  source={
                    Object {
                      "uri": "arrow_up_outline",
                    }
                  }
                  style={
                    Object {
                      "height": 30,
                      "width": 30,
                    }
                  }
                />
              </View>
            </View>
            <View
              style={
                Object {
                  "display": "flex",
                  "flexDirection": "row",
                  "flexWrap": "wrap",
                }
              }
            >
              <View
                style={
                  Object {
                    "padding": 6,
                  }
                }
              >
                <View
                  style={
                    Object {
                      "borderRadius": 3,
                    }
                  }
                >
                  <View
                    accessible={true}
                    isTVSelectable={true}
                    onResponderGrant={[Function]}
                    onResponderMove={[Function]}
                    onResponderRelease={[Function]}
                    onResponderTerminate={[Function]}
                    onResponderTerminationRequest={[Function]}
                    onStartShouldSetResponder={[Function]}
                    style={
                      Object {
                        "opacity": 1,
                      }
                    }
                  >
                    <View
                      style={
                        Object {
                          "alignItems": "center",
                          "backgroundColor": "#F8F8FF",
                          "borderColor": "#2089dc",
                          "borderRadius": 3,
                          "borderWidth": 0,
                          "flexDirection": "row",
                          "justifyContent": "center",
                          "padding": 8,
                        }
                      }
                    >
                      <Text
                        style={
                          Object {
                            "color": "black",
                            "fontSize": 15,
                            "paddingBottom": 1,
                            "paddingTop": 2,
                            "textAlign": "center",
                          }
                        }
                      >
                        周一
                      </Text>
                    </View>
                  </View>
                </View>
              </View>
              <View
                style={
                  Object {
                    "padding": 6,
                  }
                }
              >
                <View
                  style={
                    Object {
                      "borderRadius": 3,
                    }
                  }
                >
                  <View
                    accessible={true}
                    isTVSelectable={true}
                    onResponderGrant={[Function]}
                    onResponderMove={[Function]}
                    onResponderRelease={[Function]}
                    onResponderTerminate={[Function]}
                    onResponderTerminationRequest={[Function]}
                    onStartShouldSetResponder={[Function]}
                    style={
                      Object {
                        "opacity": 1,
                      }
                    }
                  >
                    <View
                      style={
                        Object {
                          "alignItems": "center",
                          "backgroundColor": "#F8F8FF",
                          "borderColor": "#2089dc",
                          "borderRadius": 3,
                          "borderWidth": 0,
                          "flexDirection": "row",
                          "justifyContent": "center",
                          "padding": 8,
                        }
                      }
                    >
                      <Text
                        style={
                          Object {
                            "color": "black",
                            "fontSize": 15,
                            "paddingBottom": 1,
                            "paddingTop": 2,
                            "textAlign": "center",
                          }
                        }
                      >
                        周二
                      </Text>
                    </View>
                  </View>
                </View>
              </View>
              <View
                style={
                  Object {
                    "padding": 6,
                  }
                }
              >
                <View
                  style={
                    Object {
                      "borderRadius": 3,
                    }
                  }
                >
                  <View
                    accessible={true}
                    isTVSelectable={true}
                    onResponderGrant={[Function]}
                    onResponderMove={[Function]}
                    onResponderRelease={[Function]}
                    onResponderTerminate={[Function]}
                    onResponderTerminationRequest={[Function]}
                    onStartShouldSetResponder={[Function]}
                    style={
                      Object {
                        "opacity": 1,
                      }
                    }
                  >
                    <View
                      style={
                        Object {
                          "alignItems": "center",
                          "backgroundColor": "#F8F8FF",
                          "borderColor": "#2089dc",
                          "borderRadius": 3,
                          "borderWidth": 0,
                          "flexDirection": "row",
                          "justifyContent": "center",
                          "padding": 8,
                        }
                      }
                    >
                      <Text
                        style={
                          Object {
                            "color": "black",
                            "fontSize": 15,
                            "paddingBottom": 1,
                            "paddingTop": 2,
                            "textAlign": "center",
                          }
                        }
                      >
                        周三
                      </Text>
                    </View>
                  </View>
                </View>
              </View>
              <View
                style={
                  Object {
                    "padding": 6,
                  }
                }
              >
                <View
                  style={
                    Object {
                      "borderRadius": 3,
                    }
                  }
                >
                  <View
                    accessible={true}
                    isTVSelectable={true}
                    onResponderGrant={[Function]}
                    onResponderMove={[Function]}
                    onResponderRelease={[Function]}
                    onResponderTerminate={[Function]}
                    onResponderTerminationRequest={[Function]}
                    onStartShouldSetResponder={[Function]}
                    style={
                      Object {
                        "opacity": 1,
                      }
                    }
                  >
                    <View
                      style={
                        Object {
                          "alignItems": "center",
                          "backgroundColor": "#F8F8FF",
                          "borderColor": "#2089dc",
                          "borderRadius": 3,
                          "borderWidth": 0,
                          "flexDirection": "row",
                          "justifyContent": "center",
                          "padding": 8,
                        }
                      }
                    >
                      <Text
                        style={
                          Object {
                            "color": "black",
                            "fontSize": 15,
                            "paddingBottom": 1,
                            "paddingTop": 2,
                            "textAlign": "center",
                          }
                        }
                      >
                        周四
                      </Text>
                    </View>
                  </View>
                </View>
              </View>
              <View
                style={
                  Object {
                    "padding": 6,
                  }
                }
              >
                <View
                  style={
                    Object {
                      "borderRadius": 3,
                    }
                  }
                >
                  <View
                    accessible={true}
                    isTVSelectable={true}
                    onResponderGrant={[Function]}
                    onResponderMove={[Function]}
                    onResponderRelease={[Function]}
                    onResponderTerminate={[Function]}
                    onResponderTerminationRequest={[Function]}
                    onStartShouldSetResponder={[Function]}
                    style={
                      Object {
                        "opacity": 1,
                      }
                    }
                  >
                    <View
                      style={
                        Object {
                          "alignItems": "center",
                          "backgroundColor": "#F8F8FF",
                          "borderColor": "#2089dc",
                          "borderRadius": 3,
                          "borderWidth": 0,
                          "flexDirection": "row",
                          "justifyContent": "center",
                          "padding": 8,
                        }
                      }
                    >
                      <Text
                        style={
                          Object {
                            "color": "black",
                            "fontSize": 15,
                            "paddingBottom": 1,
                            "paddingTop": 2,
                            "textAlign": "center",
                          }
                        }
                      >
                        周五
                      </Text>
                    </View>
                  </View>
                </View>
              </View>
              <View
                style={
                  Object {
                    "padding": 6,
                  }
                }
              >
                <View
                  style={
                    Object {
                      "borderRadius": 3,
                    }
                  }
                >
                  <View
                    accessible={true}
                    isTVSelectable={true}
                    onResponderGrant={[Function]}
                    onResponderMove={[Function]}
                    onResponderRelease={[Function]}
                    onResponderTerminate={[Function]}
                    onResponderTerminationRequest={[Function]}
                    onStartShouldSetResponder={[Function]}
                    style={
                      Object {
                        "opacity": 1,
                      }
                    }
                  >
                    <View
                      style={
                        Object {
                          "alignItems": "center",
                          "backgroundColor": "#F8F8FF",
                          "borderColor": "#2089dc",
                          "borderRadius": 3,
                          "borderWidth": 0,
                          "flexDirection": "row",
                          "justifyContent": "center",
                          "padding": 8,
                        }
                      }
                    >
                      <Text
                        style={
                          Object {
                            "color": "black",
                            "fontSize": 15,
                            "paddingBottom": 1,
                            "paddingTop": 2,
                            "textAlign": "center",
                          }
                        }
                      >
                        周六
                      </Text>
                    </View>
                  </View>
                </View>
              </View>
              <View
                style={
                  Object {
                    "padding": 6,
                  }
                }
              >
                <View
                  style={
                    Object {
                      "borderRadius": 3,
                    }
                  }
                >
                  <View
                    accessible={true}
                    isTVSelectable={true}
                    onResponderGrant={[Function]}
                    onResponderMove={[Function]}
                    onResponderRelease={[Function]}
                    onResponderTerminate={[Function]}
                    onResponderTerminationRequest={[Function]}
                    onStartShouldSetResponder={[Function]}
                    style={
                      Object {
                        "opacity": 1,
                      }
                    }
                  >
                    <View
                      style={
                        Object {
                          "alignItems": "center",
                          "backgroundColor": "#F8F8FF",
                          "borderColor": "#2089dc",
                          "borderRadius": 3,
                          "borderWidth": 0,
                          "flexDirection": "row",
                          "justifyContent": "center",
                          "padding": 8,
                        }
                      }
                    >
                      <Text
                        style={
                          Object {
                            "color": "black",
                            "fontSize": 15,
                            "paddingBottom": 1,
                            "paddingTop": 2,
                            "textAlign": "center",
                          }
                        }
                      >
                        周日
                      </Text>
                    </View>
                  </View>
                </View>
              </View>
            </View>
          </View>
        </View>
      </View>
    </View>
  </Modal>
</View>
`;
