// Jest Snapshot v1, https://goo.gl/fbAQLP

exports[`renders course page correctly 1`] = `
<View
  style={
    Object {
      "flex": 1,
    }
  }
>
  <View
    style={
      Object {
        "alignItems": "center",
        "flex": 1,
        "justifyContent": "center",
      }
    }
  >
    <Image
      resizeMode="contain"
      source={
        Object {
          "uri": "logo",
        }
      }
      style={
        Object {
          "height": 80,
          "width": 600,
        }
      }
    />
    <View
      style={
        Array [
          Object {
            "alignItems": "center",
            "flexDirection": "row",
            "height": 80,
            "justifyContent": "center",
          },
          Object {},
        ]
      }
    >
      <View
        style={
          Array [
            Object {
              "alignItems": "center",
              "borderRadius": 20,
              "flex": 7,
              "flexDirection": "row",
              "height": 40,
              "justifyContent": "center",
              "marginLeft": 12,
            },
            Object {
              "backgroundColor": "white",
              "borderWidth": 1,
            },
          ]
        }
      >
        <View
          style={
            Object {
              "alignItems": "center",
              "flex": 1,
              "justifyContent": "center",
              "paddingLeft": 6,
            }
          }
        >
          <Image
            source={
              Object {
                "uri": "search",
              }
            }
            style={
              Object {
                "height": 16,
                "width": 16,
              }
            }
          />
        </View>
        <TextInput
          allowFontScaling={true}
          onChangeText={[Function]}
          rejectResponderTermination={true}
          style={
            Object {
              "flex": 6,
              "fontSize": 15,
              "padding": 2,
            }
          }
          underlineColorAndroid="transparent"
          value=""
        />
      </View>
      <View
        style={
          Object {
            "flex": 2,
            "padding": 6,
          }
        }
      >
        <View
          accessible={true}
          isTVSelectable={true}
          onResponderGrant={[Function]}
          onResponderMove={[Function]}
          onResponderRelease={[Function]}
          onResponderTerminate={[Function]}
          onResponderTerminationRequest={[Function]}
          onStartShouldSetResponder={[Function]}
          style={
            Object {
              "alignItems": "center",
              "justifyContent": "center",
              "opacity": 1,
            }
          }
        >
          <Text
            style={
              Object {
                "color": "black",
                "fontFamily": "字魂95号-手刻宋",
                "fontSize": 18,
              }
            }
          >
            搜索
          </Text>
        </View>
      </View>
    </View>
  </View>
</View>
`;
