// Jest Snapshot v1, https://goo.gl/fbAQLP

exports[`renders detail page correctly 1`] = `
<View>
  <View
    style={
      Object {
        "alignItems": "center",
        "bottom": 50,
        "justifyContent": "center",
        "top": 50,
      }
    }
  >
    <View
      style={
        Object {
          "backgroundColor": "#F5FCFF",
        }
      }
    >
      <Text>
         
        课程
         
      </Text>
      <Text>
         
      </Text>
    </View>
    <View
      style={
        Object {
          "borderStyle": "dashed",
          "borderWidth": 1,
        }
      }
    >
      <View
        style={
          Object {
            "backgroundColor": "#F5FCFF",
          }
        }
      >
        <Text>
           
          课程号
           
        </Text>
        <Text>
           
        </Text>
      </View>
      <View
        style={
          Object {
            "backgroundColor": "#F5FCFF",
          }
        }
      >
        <Text>
           
          学分
           
        </Text>
        <Text>
           
        </Text>
      </View>
      <View
        style={
          Object {
            "backgroundColor": "#F5FCFF",
          }
        }
      >
        <Text>
           
          是否为通识
           
        </Text>
        <Text>
           
          否
        </Text>
      </View>
      <View
        style={
          Object {
            "backgroundColor": "#F5FCFF",
          }
        }
      >
        <Text>
           
          通识类型
           
        </Text>
        <Text>
           
        </Text>
      </View>
      <View
        style={
          Object {
            "backgroundColor": "#F5FCFF",
          }
        }
      >
        <Text>
           
          选课备注
           
        </Text>
        <Text>
           
          
        </Text>
      </View>
      <Text>
         教学班信息
      </Text>
      <RCTScrollView
        disableVirtualization={false}
        getItem={[Function]}
        getItemCount={[Function]}
        horizontal={false}
        initialNumToRender={10}
        keyExtractor={[Function]}
        maxToRenderPerBatch={10}
        numColumns={1}
        onContentSizeChange={[Function]}
        onEndReachedThreshold={2}
        onLayout={[Function]}
        onMomentumScrollEnd={[Function]}
        onScroll={[Function]}
        onScrollBeginDrag={[Function]}
        onScrollEndDrag={[Function]}
        removeClippedSubviews={false}
        renderItem={[Function]}
        scrollEventThrottle={50}
        stickyHeaderIndices={Array []}
        updateCellsBatchingPeriod={50}
        viewabilityConfigCallbackPairs={Array []}
        windowSize={21}
      >
        <View />
      </RCTScrollView>
    </View>
  </View>
</View>
`;
