// Jest Snapshot v1, https://goo.gl/fbAQLP

exports[`renders FilterItem correctly 1`] = `
<View>
  <View
    style={
      Object {
        "alignItems": "center",
        "flexDirection": "row",
        "padding": 8,
      }
    }
  >
    <Text
      style={
        Object {
          "flex": 8,
          "fontSize": 16,
        }
      }
    >
      学分
    </Text>
    <View
      accessible={true}
      isTVSelectable={true}
      onResponderGrant={[Function]}
      onResponderMove={[Function]}
      onResponderRelease={[Function]}
      onResponderTerminate={[Function]}
      onResponderTerminationRequest={[Function]}
      onStartShouldSetResponder={[Function]}
      style={
        Object {
          "flex": 1,
          "opacity": 1,
        }
      }
    >
      <Image
        source={
          Object {
            "uri": "arrow_down",
          }
        }
        style={
          Object {
            "height": 21,
            "width": 21,
          }
        }
      />
    </View>
  </View>
</View>
`;
