// Jest Snapshot v1, https://goo.gl/fbAQLP

exports[`renders home page correctly 1`] = `
<RCTScrollView>
  <View>
    <View
      style={
        Object {
          "alignItems": "center",
          "height": "auto",
          "justifyContent": "center",
          "paddingBottom": 50,
          "paddingTop": 30,
        }
      }
    >
      <View
        style={
          Object {
            "alignItems": "center",
            "justifyContent": "center",
          }
        }
      >
        <Text
          style={
            Object {
              "fontFamily": "字魂107号-萌趣欢乐体",
              "fontSize": 30,
              "marginBottom": -7,
              "textAlign": "center",
            }
          }
        >
           Yoke 有课 
        </Text>
        <Text
          style={
            Object {
              "textAlign": "center",
            }
          }
        >
           上海交通大学课程分享平台
        </Text>
      </View>
      <View
        style={
          Object {
            "backgroundColor": "whitesmoke",
            "height": 1,
            "marginBottom": 10,
            "width": "80%",
          }
        }
      />
      <View
        style={
          Object {
            "alignItems": "center",
            "height": 160,
            "justifyContent": "center",
          }
        }
      >
        <RCTScrollView
          activeAnimationOptions={null}
          activeAnimationType="timing"
          activeSlideAlignment="center"
          activeSlideOffset={20}
          apparitionDelay={0}
          automaticallyAdjustContentInsets={false}
          autoplay={false}
          autoplayDelay={1000}
          autoplayInterval={3000}
          callbackOffsetMargin={5}
          containerCustomStyle={Object {}}
          contentContainerCustomStyle={Object {}}
          contentContainerStyle={
            Array [
              Object {
                "paddingLeft": 25,
                "paddingRight": 25,
              },
              Object {},
            ]
          }
          data={
            Array [
              "cover_1",
              "cover_2",
              "cover_3",
              "cover_0",
            ]
          }
          decelerationRate="fast"
          directionalLockEnabled={true}
          disableVirtualization={false}
          enableMomentum={false}
          enableSnap={true}
          firstItem={0}
          getItem={[Function]}
          getItemCount={[Function]}
          hasParallaxImages={false}
          horizontal={true}
          inactiveSlideOpacity={0.7}
          inactiveSlideScale={0.9}
          inactiveSlideShift={0}
          initialNumToRender={7}
          invertStickyHeaders={false}
          inverted={false}
          itemWidth={300}
          keyExtractor={[Function]}
          layout="default"
          lockScrollTimeoutDuration={1000}
          lockScrollWhileSnapping={false}
          loop={false}
          loopClonesPerSide={3}
          maxToRenderPerBatch={15}
          numColumns={1}
          onContentSizeChange={[Function]}
          onEndReachedThreshold={2}
          onLayout={[Function]}
          onMomentumScrollEnd={[Function]}
          onResponderRelease={[Function]}
          onScroll={[Function]}
          onScrollBeginDrag={[Function]}
          onScrollEndDrag={[Function]}
          onStartShouldSetResponderCapture={[Function]}
          onTouchEnd={[Function]}
          onTouchStart={[Function]}
          overScrollMode="never"
          pinchGestureEnabled={false}
          removeClippedSubviews={true}
          renderItem={[Function]}
          scrollEnabled={true}
          scrollEventThrottle={1}
          scrollsToTop={false}
          shouldOptimizeUpdates={true}
          showsHorizontalScrollIndicator={false}
          showsVerticalScrollIndicator={false}
          slideStyle={Object {}}
          sliderWidth={350}
          stickyHeaderIndices={Array []}
          style={
            Object {
              "flexDirection": "row",
              "opacity": 0,
              "width": 350,
            }
          }
          swipeThreshold={20}
          updateCellsBatchingPeriod={50}
          useScrollView={false}
          vertical={false}
          viewabilityConfigCallbackPairs={Array []}
          windowSize={15}
        >
          <View>
            <View
              onLayout={[Function]}
              style={
                Array [
                  Object {
                    "flexDirection": "row",
                  },
                  null,
                ]
              }
            >
              <View
                pointerEvents="box-none"
                style={
                  Object {
                    "opacity": 1,
                    "transform": Array [
                      Object {
                        "scale": 1,
                      },
                    ],
                    "width": 300,
                  }
                }
              >
                <Image
                  source={
                    Object {
                      "uri": "cover_1",
                    }
                  }
                  style={
                    Object {
                      "borderRadius": 20,
                      "height": 160,
                      "width": 300,
                    }
                  }
                />
              </View>
            </View>
            <View
              onLayout={[Function]}
              style={
                Array [
                  Object {
                    "flexDirection": "row",
                  },
                  null,
                ]
              }
            >
              <View
                pointerEvents="box-none"
                style={
                  Object {
                    "opacity": 0.7,
                    "transform": Array [
                      Object {
                        "scale": 0.9,
                      },
                    ],
                    "width": 300,
                  }
                }
              >
                <Image
                  source={
                    Object {
                      "uri": "cover_2",
                    }
                  }
                  style={
                    Object {
                      "borderRadius": 20,
                      "height": 160,
                      "width": 300,
                    }
                  }
                />
              </View>
            </View>
            <View
              onLayout={[Function]}
              style={
                Array [
                  Object {
                    "flexDirection": "row",
                  },
                  null,
                ]
              }
            >
              <View
                pointerEvents="box-none"
                style={
                  Object {
                    "opacity": 0.7,
                    "transform": Array [
                      Object {
                        "scale": 0.9,
                      },
                    ],
                    "width": 300,
                  }
                }
              >
                <Image
                  source={
                    Object {
                      "uri": "cover_3",
                    }
                  }
                  style={
                    Object {
                      "borderRadius": 20,
                      "height": 160,
                      "width": 300,
                    }
                  }
                />
              </View>
            </View>
            <View
              onLayout={[Function]}
              style={
                Array [
                  Object {
                    "flexDirection": "row",
                  },
                  null,
                ]
              }
            >
              <View
                pointerEvents="box-none"
                style={
                  Object {
                    "opacity": 0.7,
                    "transform": Array [
                      Object {
                        "scale": 0.9,
                      },
                    ],
                    "width": 300,
                  }
                }
              >
                <Image
                  source={
                    Object {
                      "uri": "cover_0",
                    }
                  }
                  style={
                    Object {
                      "borderRadius": 20,
                      "height": 160,
                      "width": 300,
                    }
                  }
                />
              </View>
            </View>
          </View>
        </RCTScrollView>
      </View>
      <View
        style={
          Object {
            "alignItems": "center",
            "flexDirection": "row",
            "justifyContent": "space-between",
            "width": "100%",
          }
        }
      >
        <View
          style={
            Object {
              "alignItems": "center",
              "flexDirection": "row",
              "justifyContent": "flex-start",
              "marginHorizontal": 20,
              "marginVertical": 5,
            }
          }
        >
          <View
            style={
              Object {
                "backgroundColor": "transparent",
                "position": "relative",
              }
            }
          >
            <Image
              onLoadEnd={[Function]}
              source={
                Object {
                  "uri": "home_hot",
                }
              }
              style={
                Object {
                  "height": 20,
                  "resizeMode": "contain",
                  "width": 20,
                }
              }
              theme={
                Object {
                  "colors": Object {
                    "disabled": "hsl(208, 8%, 90%)",
                    "divider": "#bcbbc1",
                    "error": "#ff190c",
                    "grey0": "#393e42",
                    "grey1": "#43484d",
                    "grey2": "#5e6977",
                    "grey3": "#86939e",
                    "grey4": "#bdc6cf",
                    "grey5": "#e1e8ee",
                    "greyOutline": "#bbb",
                    "platform": Object {
                      "android": Object {
                        "error": "#f44336",
                        "primary": "#2196f3",
                        "secondary": "#9C27B0",
                        "success": "#4caf50",
                        "warning": "#ffeb3b",
                      },
                      "ios": Object {
                        "error": "#ff3b30",
                        "primary": "#007aff",
                        "secondary": "#5856d6",
                        "success": "#4cd964",
                        "warning": "#ffcc00",
                      },
                    },
                    "primary": "#2089dc",
                    "searchBg": "#303337",
                    "secondary": "#8F0CE8",
                    "success": "#52c41a",
                    "warning": "#faad14",
                  },
                }
              }
            />
            <View
              style={
                Object {
                  "bottom": 0,
                  "left": 0,
                  "opacity": 1,
                  "position": "absolute",
                  "right": 0,
                  "top": 0,
                }
              }
            >
              <View
                style={
                  Object {
                    "alignItems": "center",
                    "backgroundColor": "#bdbdbd",
                    "height": 20,
                    "justifyContent": "center",
                    "resizeMode": "contain",
                    "width": 20,
                  }
                }
                testID="RNE__Image__placeholder"
              />
            </View>
          </View>
          <View
            style={Object {}}
          >
            <View
              style={
                Object {
                  "backgroundColor": "transparent",
                  "position": "relative",
                }
              }
            >
              <Image
                onLoadEnd={[Function]}
                source={
                  Object {
                    "uri": "yellow_line",
                  }
                }
                style={
                  Object {
                    "height": 10,
                    "left": 8,
                    "position": "absolute",
                    "top": 12,
                    "width": 40,
                  }
                }
                theme={
                  Object {
                    "colors": Object {
                      "disabled": "hsl(208, 8%, 90%)",
                      "divider": "#bcbbc1",
                      "error": "#ff190c",
                      "grey0": "#393e42",
                      "grey1": "#43484d",
                      "grey2": "#5e6977",
                      "grey3": "#86939e",
                      "grey4": "#bdc6cf",
                      "grey5": "#e1e8ee",
                      "greyOutline": "#bbb",
                      "platform": Object {
                        "android": Object {
                          "error": "#f44336",
                          "primary": "#2196f3",
                          "secondary": "#9C27B0",
                          "success": "#4caf50",
                          "warning": "#ffeb3b",
                        },
                        "ios": Object {
                          "error": "#ff3b30",
                          "primary": "#007aff",
                          "secondary": "#5856d6",
                          "success": "#4cd964",
                          "warning": "#ffcc00",
                        },
                      },
                      "primary": "#2089dc",
                      "searchBg": "#303337",
                      "secondary": "#8F0CE8",
                      "success": "#52c41a",
                      "warning": "#faad14",
                    },
                  }
                }
              />
              <View
                style={
                  Object {
                    "bottom": 0,
                    "left": 0,
                    "opacity": 1,
                    "position": "absolute",
                    "right": 0,
                    "top": 0,
                  }
                }
              >
                <View
                  style={
                    Object {
                      "alignItems": "center",
                      "backgroundColor": "#bdbdbd",
                      "height": 10,
                      "justifyContent": "center",
                      "left": 8,
                      "position": "absolute",
                      "top": 12,
                      "width": 40,
                    }
                  }
                  testID="RNE__Image__placeholder"
                />
              </View>
            </View>
            <Text
              style={
                Object {
                  "fontSize": 18,
                  "fontWeight": "bold",
                  "lineHeight": 25,
                  "marginLeft": 10,
                  "maxWidth": 250,
                  "textAlign": "left",
                }
              }
              theme={
                Object {
                  "colors": Object {
                    "disabled": "hsl(208, 8%, 90%)",
                    "divider": "#bcbbc1",
                    "error": "#ff190c",
                    "grey0": "#393e42",
                    "grey1": "#43484d",
                    "grey2": "#5e6977",
                    "grey3": "#86939e",
                    "grey4": "#bdc6cf",
                    "grey5": "#e1e8ee",
                    "greyOutline": "#bbb",
                    "platform": Object {
                      "android": Object {
                        "error": "#f44336",
                        "primary": "#2196f3",
                        "secondary": "#9C27B0",
                        "success": "#4caf50",
                        "warning": "#ffeb3b",
                      },
                      "ios": Object {
                        "error": "#ff3b30",
                        "primary": "#007aff",
                        "secondary": "#5856d6",
                        "success": "#4cd964",
                        "warning": "#ffcc00",
                      },
                    },
                    "primary": "#2089dc",
                    "searchBg": "#303337",
                    "secondary": "#8F0CE8",
                    "success": "#52c41a",
                    "warning": "#faad14",
                  },
                }
              }
            >
              热门课程
            </Text>
          </View>
        </View>
        <View
          accessible={true}
          isTVSelectable={true}
          onResponderGrant={[Function]}
          onResponderMove={[Function]}
          onResponderRelease={[Function]}
          onResponderTerminate={[Function]}
          onResponderTerminationRequest={[Function]}
          onStartShouldSetResponder={[Function]}
          style={
            Object {
              "opacity": 1,
            }
          }
        >
          <Image
            source={
              Object {
                "uri": "home_goto",
              }
            }
            style={
              Object {
                "height": 25,
                "marginRight": 25,
                "width": 25,
              }
            }
          />
        </View>
      </View>
      <View
        style={
          Object {
            "flexDirection": "row",
            "justifyContent": "space-between",
            "width": "90%",
          }
        }
      >
        <View
          style={
            Array [
              Object {
                "height": 160,
                "position": "relative",
                "width": 130,
              },
              Object {
                "marginHorizontal": 2,
                "marginVertical": 5,
                "width": "31%",
              },
            ]
          }
        >
          <RNSVGSvgView
            bbHeight={182}
            bbWidth={152}
            height={182}
            style={
              Array [
                Object {
                  "backgroundColor": "transparent",
                  "borderWidth": 0,
                },
                Object {
                  "left": -8,
                  "position": "absolute",
                  "top": -5,
                },
                null,
                Object {
                  "flex": 0,
                  "height": 182,
                  "width": 152,
                },
              ]
            }
            width={152}
          >
            <RNSVGGroup
              fill={
                Array [
                  0,
                  4278190080,
                ]
              }
              fillOpacity={1}
              fillRule={1}
              font={Object {}}
              matrix={
                Array [
                  1,
                  0,
                  0,
                  1,
                  0,
                  0,
                ]
              }
              opacity={1}
              originX={0}
              originY={0}
              propList={Array []}
              rotation={0}
              scaleX={1}
              scaleY={1}
              skewX={0}
              skewY={0}
              stroke={null}
              strokeDasharray={null}
              strokeDashoffset={null}
              strokeLinecap={0}
              strokeLinejoin={0}
              strokeMiterlimit={4}
              strokeOpacity={1}
              strokeWidth={1}
              vectorEffect={0}
              x={0}
              y={0}
            >
              <RNSVGDefs>
                <RNSVGLinearGradient
                  gradient={
                    Array [
                      0,
                      452842282,
                      1,
                      16634666,
                    ]
                  }
                  gradientTransform={
                    Array [
                      1,
                      0,
                      0,
                      1,
                      0,
                      0,
                    ]
                  }
                  gradientUnits={0}
                  name="top"
                  x1="0%"
                  x2="0%"
                  y1="100%"
                  y2="0%"
                />
                <RNSVGLinearGradient
                  gradient={
                    Array [
                      0,
                      452842282,
                      1,
                      16634666,
                    ]
                  }
                  gradientTransform={
                    Array [
                      1,
                      0,
                      0,
                      1,
                      0,
                      0,
                    ]
                  }
                  gradientUnits={0}
                  name="bottom"
                  x1="0%"
                  x2="0%"
                  y1="0%"
                  y2="100%"
                />
                <RNSVGLinearGradient
                  gradient={
                    Array [
                      0,
                      452842282,
                      1,
                      16634666,
                    ]
                  }
                  gradientTransform={
                    Array [
                      1,
                      0,
                      0,
                      1,
                      0,
                      0,
                    ]
                  }
                  gradientUnits={0}
                  name="left"
                  x1="100%"
                  x2="0%"
                  y1="0%"
                  y2="0%"
                />
                <RNSVGLinearGradient
                  gradient={
                    Array [
                      0,
                      452842282,
                      1,
                      16634666,
                    ]
                  }
                  gradientTransform={
                    Array [
                      1,
                      0,
                      0,
                      1,
                      0,
                      0,
                    ]
                  }
                  gradientUnits={0}
                  name="right"
                  x1="0%"
                  x2="100%"
                  y1="0%"
                  y2="0%"
                />
                <RNSVGRadialGradient
                  cx="100%"
                  cy="100%"
                  fx="100%"
                  fy="100%"
                  gradient={
                    Array [
                      0,
                      452842282,
                      0.2727272727272727,
                      452842282,
                      1,
                      16634666,
                    ]
                  }
                  gradientTransform={
                    Array [
                      1,
                      0,
                      0,
                      1,
                      0,
                      0,
                    ]
                  }
                  gradientUnits={0}
                  name="border-left-top"
                  rx="100%"
                  ry="100%"
                />
                <RNSVGRadialGradient
                  cx="100%"
                  cy="0%"
                  fx="100%"
                  fy="0%"
                  gradient={
                    Array [
                      0,
                      452842282,
                      0.2727272727272727,
                      452842282,
                      1,
                      16634666,
                    ]
                  }
                  gradientTransform={
                    Array [
                      1,
                      0,
                      0,
                      1,
                      0,
                      0,
                    ]
                  }
                  gradientUnits={0}
                  name="border-left-bottom"
                  rx="100%"
                  ry="100%"
                />
                <RNSVGRadialGradient
                  cx="0%"
                  cy="100%"
                  fx="0%"
                  fy="100%"
                  gradient={
                    Array [
                      0,
                      452842282,
                      0.2727272727272727,
                      452842282,
                      1,
                      16634666,
                    ]
                  }
                  gradientTransform={
                    Array [
                      1,
                      0,
                      0,
                      1,
                      0,
                      0,
                    ]
                  }
                  gradientUnits={0}
                  name="border-right-top"
                  rx="100%"
                  ry="100%"
                />
                <RNSVGRadialGradient
                  cx="0%"
                  cy="0%"
                  fx="0%"
                  fy="0%"
                  gradient={
                    Array [
                      0,
                      452842282,
                      0.2727272727272727,
                      452842282,
                      1,
                      16634666,
                    ]
                  }
                  gradientTransform={
                    Array [
                      1,
                      0,
                      0,
                      1,
                      0,
                      0,
                    ]
                  }
                  gradientUnits={0}
                  name="border-right-bottom"
                  rx="100%"
                  ry="100%"
                />
              </RNSVGDefs>
              <RNSVGPath
                d="M 0 11,Q 0 0 11 0,v 8,q -3 0 -3 3,h -8,z"
                fill={
                  Array [
                    1,
                    "border-left-top",
                  ]
                }
                fillOpacity={1}
                fillRule={1}
                matrix={
                  Array [
                    1,
                    0,
                    0,
                    1,
                    0,
                    0,
                  ]
                }
                opacity={1}
                originX={0}
                originY={0}
                propList={
                  Array [
                    "fill",
                  ]
                }
                rotation={0}
                scaleX={1}
                scaleY={1}
                skewX={0}
                skewY={0}
                stroke={null}
                strokeDasharray={null}
                strokeDashoffset={null}
                strokeLinecap={0}
                strokeLinejoin={0}
                strokeMiterlimit={4}
                strokeOpacity={1}
                strokeWidth={1}
                vectorEffect={0}
                x={0}
                y={0}
              />
              <RNSVGPath
                d="M 135 0,q 11 0 11 11,h -8,q 0 -3 -3 -3,v -8,z"
                fill={
                  Array [
                    1,
                    "border-right-top",
                  ]
                }
                fillOpacity={1}
                fillRule={1}
                matrix={
                  Array [
                    1,
                    0,
                    0,
                    1,
                    0,
                    0,
                  ]
                }
                opacity={1}
                originX={0}
                originY={0}
                propList={
                  Array [
                    "fill",
                  ]
                }
                rotation={0}
                scaleX={1}
                scaleY={1}
                skewX={0}
                skewY={0}
                stroke={null}
                strokeDasharray={null}
                strokeDashoffset={null}
                strokeLinecap={0}
                strokeLinejoin={0}
                strokeMiterlimit={4}
                strokeOpacity={1}
                strokeWidth={1}
                vectorEffect={0}
                x={0}
                y={0}
              />
              <RNSVGPath
                d="M 138 165,h 8,q 0 11 -11 11,v -8,q 3 0 3 -3,z"
                fill={
                  Array [
                    1,
                    "border-right-bottom",
                  ]
                }
                fillOpacity={1}
                fillRule={1}
                matrix={
                  Array [
                    1,
                    0,
                    0,
                    1,
                    0,
                    0,
                  ]
                }
                opacity={1}
                originX={0}
                originY={0}
                propList={
                  Array [
                    "fill",
                  ]
                }
                rotation={0}
                scaleX={1}
                scaleY={1}
                skewX={0}
                skewY={0}
                stroke={null}
                strokeDasharray={null}
                strokeDashoffset={null}
                strokeLinecap={0}
                strokeLinejoin={0}
                strokeMiterlimit={4}
                strokeOpacity={1}
                strokeWidth={1}
                vectorEffect={0}
                x={0}
                y={0}
              />
              <RNSVGPath
                d="M 0 165,q 0 11 11 11,v -8,q -3 0 -3 -3,h -8,z"
                fill={
                  Array [
                    1,
                    "border-left-bottom",
                  ]
                }
                fillOpacity={1}
                fillRule={1}
                matrix={
                  Array [
                    1,
                    0,
                    0,
                    1,
                    0,
                    0,
                  ]
                }
                opacity={1}
                originX={0}
                originY={0}
                propList={
                  Array [
                    "fill",
                  ]
                }
                rotation={0}
                scaleX={1}
                scaleY={1}
                skewX={0}
                skewY={0}
                stroke={null}
                strokeDasharray={null}
                strokeDashoffset={null}
                strokeLinecap={0}
                strokeLinejoin={0}
                strokeMiterlimit={4}
                strokeOpacity={1}
                strokeWidth={1}
                vectorEffect={0}
                x={0}
                y={0}
              />
              <RNSVGRect
                fill={
                  Array [
                    1,
                    "top",
                  ]
                }
                fillOpacity={1}
                fillRule={1}
                height={8}
                matrix={
                  Array [
                    1,
                    0,
                    0,
                    1,
                    0,
                    0,
                  ]
                }
                opacity={1}
                originX={0}
                originY={0}
                propList={
                  Array [
                    "fill",
                  ]
                }
                rotation={0}
                rx={0}
                ry={0}
                scaleX={1}
                scaleY={1}
                skewX={0}
                skewY={0}
                stroke={null}
                strokeDasharray={null}
                strokeDashoffset={null}
                strokeLinecap={0}
                strokeLinejoin={0}
                strokeMiterlimit={4}
                strokeOpacity={1}
                strokeWidth={1}
                vectorEffect={0}
                width={124}
                x={11}
                y="0"
              />
              <RNSVGRect
                fill={
                  Array [
                    1,
                    "left",
                  ]
                }
                fillOpacity={1}
                fillRule={1}
                height={154}
                matrix={
                  Array [
                    1,
                    0,
                    0,
                    1,
                    0,
                    0,
                  ]
                }
                opacity={1}
                originX={0}
                originY={0}
                propList={
                  Array [
                    "fill",
                  ]
                }
                rotation={0}
                rx={0}
                ry={0}
                scaleX={1}
                scaleY={1}
                skewX={0}
                skewY={0}
                stroke={null}
                strokeDasharray={null}
                strokeDashoffset={null}
                strokeLinecap={0}
                strokeLinejoin={0}
                strokeMiterlimit={4}
                strokeOpacity={1}
                strokeWidth={1}
                vectorEffect={0}
                width={8}
                x="0"
                y={11}
              />
              <RNSVGRect
                fill={
                  Array [
                    1,
                    "right",
                  ]
                }
                fillOpacity={1}
                fillRule={1}
                height={154}
                matrix={
                  Array [
                    1,
                    0,
                    0,
                    1,
                    0,
                    0,
                  ]
                }
                opacity={1}
                originX={0}
                originY={0}
                propList={
                  Array [
                    "fill",
                  ]
                }
                rotation={0}
                rx={0}
                ry={0}
                scaleX={1}
                scaleY={1}
                skewX={0}
                skewY={0}
                stroke={null}
                strokeDasharray={null}
                strokeDashoffset={null}
                strokeLinecap={0}
                strokeLinejoin={0}
                strokeMiterlimit={4}
                strokeOpacity={1}
                strokeWidth={1}
                vectorEffect={0}
                width={8}
                x={138}
                y={11}
              />
              <RNSVGRect
                fill={
                  Array [
                    1,
                    "bottom",
                  ]
                }
                fillOpacity={1}
                fillRule={1}
                height={8}
                matrix={
                  Array [
                    1,
                    0,
                    0,
                    1,
                    0,
                    0,
                  ]
                }
                opacity={1}
                originX={0}
                originY={0}
                propList={
                  Array [
                    "fill",
                  ]
                }
                rotation={0}
                rx={0}
                ry={0}
                scaleX={1}
                scaleY={1}
                skewX={0}
                skewY={0}
                stroke={null}
                strokeDasharray={null}
                strokeDashoffset={null}
                strokeLinecap={0}
                strokeLinejoin={0}
                strokeMiterlimit={4}
                strokeOpacity={1}
                strokeWidth={1}
                vectorEffect={0}
                width={124}
                x={11}
                y={168}
              />
              <RNSVGPath
                d="M 11 8,h 124,q 3 0 3 3,v 154,q 0 3 -3 3,h -124,q -3 0 -3 -3,v -154,q 0 -3 3 -3"
                fill={
                  Array [
                    0,
                    452842282,
                  ]
                }
                fillOpacity={1}
                fillRule={1}
                matrix={
                  Array [
                    1,
                    0,
                    0,
                    1,
                    0,
                    0,
                  ]
                }
                opacity={1}
                originX={0}
                originY={0}
                propList={
                  Array [
                    "fill",
                  ]
                }
                rotation={0}
                scaleX={1}
                scaleY={1}
                skewX={0}
                skewY={0}
                stroke={null}
                strokeDasharray={null}
                strokeDashoffset={null}
                strokeLinecap={0}
                strokeLinejoin={0}
                strokeMiterlimit={4}
                strokeOpacity={1}
                strokeWidth={1}
                vectorEffect={0}
                x={0}
                y={0}
              />
            </RNSVGGroup>
          </RNSVGSvgView>
          <View
            style={
              Object {
                "alignItems": "center",
                "backgroundColor": "white",
                "borderRadius": 10,
                "height": "100%",
                "justifyContent": "flex-start",
                "paddingTop": 10,
                "width": "100%",
              }
            }
          >
            <Image
              source={
                Object {
                  "uri": "course",
                }
              }
              style={
                Object {
                  "borderRadius": 10,
                  "height": "72%",
                  "width": "85%",
                }
              }
            />
            <Text
              style={
                Object {
                  "fontSize": 14,
                  "fontWeight": "bold",
                  "marginVertical": 3,
                  "textAlign": "center",
                  "textAlignVertical": "center",
                }
              }
            >
               
              国际商务英语
            </Text>
          </View>
        </View>
        <View
          style={
            Array [
              Object {
                "height": 160,
                "position": "relative",
                "width": 130,
              },
              Object {
                "marginHorizontal": 2,
                "marginVertical": 5,
                "width": "31%",
              },
            ]
          }
        >
          <RNSVGSvgView
            bbHeight={182}
            bbWidth={152}
            height={182}
            style={
              Array [
                Object {
                  "backgroundColor": "transparent",
                  "borderWidth": 0,
                },
                Object {
                  "left": -8,
                  "position": "absolute",
                  "top": -5,
                },
                null,
                Object {
                  "flex": 0,
                  "height": 182,
                  "width": 152,
                },
              ]
            }
            width={152}
          >
            <RNSVGGroup
              fill={
                Array [
                  0,
                  4278190080,
                ]
              }
              fillOpacity={1}
              fillRule={1}
              font={Object {}}
              matrix={
                Array [
                  1,
                  0,
                  0,
                  1,
                  0,
                  0,
                ]
              }
              opacity={1}
              originX={0}
              originY={0}
              propList={Array []}
              rotation={0}
              scaleX={1}
              scaleY={1}
              skewX={0}
              skewY={0}
              stroke={null}
              strokeDasharray={null}
              strokeDashoffset={null}
              strokeLinecap={0}
              strokeLinejoin={0}
              strokeMiterlimit={4}
              strokeOpacity={1}
              strokeWidth={1}
              vectorEffect={0}
              x={0}
              y={0}
            >
              <RNSVGDefs>
                <RNSVGLinearGradient
                  gradient={
                    Array [
                      0,
                      452842282,
                      1,
                      16634666,
                    ]
                  }
                  gradientTransform={
                    Array [
                      1,
                      0,
                      0,
                      1,
                      0,
                      0,
                    ]
                  }
                  gradientUnits={0}
                  name="top"
                  x1="0%"
                  x2="0%"
                  y1="100%"
                  y2="0%"
                />
                <RNSVGLinearGradient
                  gradient={
                    Array [
                      0,
                      452842282,
                      1,
                      16634666,
                    ]
                  }
                  gradientTransform={
                    Array [
                      1,
                      0,
                      0,
                      1,
                      0,
                      0,
                    ]
                  }
                  gradientUnits={0}
                  name="bottom"
                  x1="0%"
                  x2="0%"
                  y1="0%"
                  y2="100%"
                />
                <RNSVGLinearGradient
                  gradient={
                    Array [
                      0,
                      452842282,
                      1,
                      16634666,
                    ]
                  }
                  gradientTransform={
                    Array [
                      1,
                      0,
                      0,
                      1,
                      0,
                      0,
                    ]
                  }
                  gradientUnits={0}
                  name="left"
                  x1="100%"
                  x2="0%"
                  y1="0%"
                  y2="0%"
                />
                <RNSVGLinearGradient
                  gradient={
                    Array [
                      0,
                      452842282,
                      1,
                      16634666,
                    ]
                  }
                  gradientTransform={
                    Array [
                      1,
                      0,
                      0,
                      1,
                      0,
                      0,
                    ]
                  }
                  gradientUnits={0}
                  name="right"
                  x1="0%"
                  x2="100%"
                  y1="0%"
                  y2="0%"
                />
                <RNSVGRadialGradient
                  cx="100%"
                  cy="100%"
                  fx="100%"
                  fy="100%"
                  gradient={
                    Array [
                      0,
                      452842282,
                      0.2727272727272727,
                      452842282,
                      1,
                      16634666,
                    ]
                  }
                  gradientTransform={
                    Array [
                      1,
                      0,
                      0,
                      1,
                      0,
                      0,
                    ]
                  }
                  gradientUnits={0}
                  name="border-left-top"
                  rx="100%"
                  ry="100%"
                />
                <RNSVGRadialGradient
                  cx="100%"
                  cy="0%"
                  fx="100%"
                  fy="0%"
                  gradient={
                    Array [
                      0,
                      452842282,
                      0.2727272727272727,
                      452842282,
                      1,
                      16634666,
                    ]
                  }
                  gradientTransform={
                    Array [
                      1,
                      0,
                      0,
                      1,
                      0,
                      0,
                    ]
                  }
                  gradientUnits={0}
                  name="border-left-bottom"
                  rx="100%"
                  ry="100%"
                />
                <RNSVGRadialGradient
                  cx="0%"
                  cy="100%"
                  fx="0%"
                  fy="100%"
                  gradient={
                    Array [
                      0,
                      452842282,
                      0.2727272727272727,
                      452842282,
                      1,
                      16634666,
                    ]
                  }
                  gradientTransform={
                    Array [
                      1,
                      0,
                      0,
                      1,
                      0,
                      0,
                    ]
                  }
                  gradientUnits={0}
                  name="border-right-top"
                  rx="100%"
                  ry="100%"
                />
                <RNSVGRadialGradient
                  cx="0%"
                  cy="0%"
                  fx="0%"
                  fy="0%"
                  gradient={
                    Array [
                      0,
                      452842282,
                      0.2727272727272727,
                      452842282,
                      1,
                      16634666,
                    ]
                  }
                  gradientTransform={
                    Array [
                      1,
                      0,
                      0,
                      1,
                      0,
                      0,
                    ]
                  }
                  gradientUnits={0}
                  name="border-right-bottom"
                  rx="100%"
                  ry="100%"
                />
              </RNSVGDefs>
              <RNSVGPath
                d="M 0 11,Q 0 0 11 0,v 8,q -3 0 -3 3,h -8,z"
                fill={
                  Array [
                    1,
                    "border-left-top",
                  ]
                }
                fillOpacity={1}
                fillRule={1}
                matrix={
                  Array [
                    1,
                    0,
                    0,
                    1,
                    0,
                    0,
                  ]
                }
                opacity={1}
                originX={0}
                originY={0}
                propList={
                  Array [
                    "fill",
                  ]
                }
                rotation={0}
                scaleX={1}
                scaleY={1}
                skewX={0}
                skewY={0}
                stroke={null}
                strokeDasharray={null}
                strokeDashoffset={null}
                strokeLinecap={0}
                strokeLinejoin={0}
                strokeMiterlimit={4}
                strokeOpacity={1}
                strokeWidth={1}
                vectorEffect={0}
                x={0}
                y={0}
              />
              <RNSVGPath
                d="M 135 0,q 11 0 11 11,h -8,q 0 -3 -3 -3,v -8,z"
                fill={
                  Array [
                    1,
                    "border-right-top",
                  ]
                }
                fillOpacity={1}
                fillRule={1}
                matrix={
                  Array [
                    1,
                    0,
                    0,
                    1,
                    0,
                    0,
                  ]
                }
                opacity={1}
                originX={0}
                originY={0}
                propList={
                  Array [
                    "fill",
                  ]
                }
                rotation={0}
                scaleX={1}
                scaleY={1}
                skewX={0}
                skewY={0}
                stroke={null}
                strokeDasharray={null}
                strokeDashoffset={null}
                strokeLinecap={0}
                strokeLinejoin={0}
                strokeMiterlimit={4}
                strokeOpacity={1}
                strokeWidth={1}
                vectorEffect={0}
                x={0}
                y={0}
              />
              <RNSVGPath
                d="M 138 165,h 8,q 0 11 -11 11,v -8,q 3 0 3 -3,z"
                fill={
                  Array [
                    1,
                    "border-right-bottom",
                  ]
                }
                fillOpacity={1}
                fillRule={1}
                matrix={
                  Array [
                    1,
                    0,
                    0,
                    1,
                    0,
                    0,
                  ]
                }
                opacity={1}
                originX={0}
                originY={0}
                propList={
                  Array [
                    "fill",
                  ]
                }
                rotation={0}
                scaleX={1}
                scaleY={1}
                skewX={0}
                skewY={0}
                stroke={null}
                strokeDasharray={null}
                strokeDashoffset={null}
                strokeLinecap={0}
                strokeLinejoin={0}
                strokeMiterlimit={4}
                strokeOpacity={1}
                strokeWidth={1}
                vectorEffect={0}
                x={0}
                y={0}
              />
              <RNSVGPath
                d="M 0 165,q 0 11 11 11,v -8,q -3 0 -3 -3,h -8,z"
                fill={
                  Array [
                    1,
                    "border-left-bottom",
                  ]
                }
                fillOpacity={1}
                fillRule={1}
                matrix={
                  Array [
                    1,
                    0,
                    0,
                    1,
                    0,
                    0,
                  ]
                }
                opacity={1}
                originX={0}
                originY={0}
                propList={
                  Array [
                    "fill",
                  ]
                }
                rotation={0}
                scaleX={1}
                scaleY={1}
                skewX={0}
                skewY={0}
                stroke={null}
                strokeDasharray={null}
                strokeDashoffset={null}
                strokeLinecap={0}
                strokeLinejoin={0}
                strokeMiterlimit={4}
                strokeOpacity={1}
                strokeWidth={1}
                vectorEffect={0}
                x={0}
                y={0}
              />
              <RNSVGRect
                fill={
                  Array [
                    1,
                    "top",
                  ]
                }
                fillOpacity={1}
                fillRule={1}
                height={8}
                matrix={
                  Array [
                    1,
                    0,
                    0,
                    1,
                    0,
                    0,
                  ]
                }
                opacity={1}
                originX={0}
                originY={0}
                propList={
                  Array [
                    "fill",
                  ]
                }
                rotation={0}
                rx={0}
                ry={0}
                scaleX={1}
                scaleY={1}
                skewX={0}
                skewY={0}
                stroke={null}
                strokeDasharray={null}
                strokeDashoffset={null}
                strokeLinecap={0}
                strokeLinejoin={0}
                strokeMiterlimit={4}
                strokeOpacity={1}
                strokeWidth={1}
                vectorEffect={0}
                width={124}
                x={11}
                y="0"
              />
              <RNSVGRect
                fill={
                  Array [
                    1,
                    "left",
                  ]
                }
                fillOpacity={1}
                fillRule={1}
                height={154}
                matrix={
                  Array [
                    1,
                    0,
                    0,
                    1,
                    0,
                    0,
                  ]
                }
                opacity={1}
                originX={0}
                originY={0}
                propList={
                  Array [
                    "fill",
                  ]
                }
                rotation={0}
                rx={0}
                ry={0}
                scaleX={1}
                scaleY={1}
                skewX={0}
                skewY={0}
                stroke={null}
                strokeDasharray={null}
                strokeDashoffset={null}
                strokeLinecap={0}
                strokeLinejoin={0}
                strokeMiterlimit={4}
                strokeOpacity={1}
                strokeWidth={1}
                vectorEffect={0}
                width={8}
                x="0"
                y={11}
              />
              <RNSVGRect
                fill={
                  Array [
                    1,
                    "right",
                  ]
                }
                fillOpacity={1}
                fillRule={1}
                height={154}
                matrix={
                  Array [
                    1,
                    0,
                    0,
                    1,
                    0,
                    0,
                  ]
                }
                opacity={1}
                originX={0}
                originY={0}
                propList={
                  Array [
                    "fill",
                  ]
                }
                rotation={0}
                rx={0}
                ry={0}
                scaleX={1}
                scaleY={1}
                skewX={0}
                skewY={0}
                stroke={null}
                strokeDasharray={null}
                strokeDashoffset={null}
                strokeLinecap={0}
                strokeLinejoin={0}
                strokeMiterlimit={4}
                strokeOpacity={1}
                strokeWidth={1}
                vectorEffect={0}
                width={8}
                x={138}
                y={11}
              />
              <RNSVGRect
                fill={
                  Array [
                    1,
                    "bottom",
                  ]
                }
                fillOpacity={1}
                fillRule={1}
                height={8}
                matrix={
                  Array [
                    1,
                    0,
                    0,
                    1,
                    0,
                    0,
                  ]
                }
                opacity={1}
                originX={0}
                originY={0}
                propList={
                  Array [
                    "fill",
                  ]
                }
                rotation={0}
                rx={0}
                ry={0}
                scaleX={1}
                scaleY={1}
                skewX={0}
                skewY={0}
                stroke={null}
                strokeDasharray={null}
                strokeDashoffset={null}
                strokeLinecap={0}
                strokeLinejoin={0}
                strokeMiterlimit={4}
                strokeOpacity={1}
                strokeWidth={1}
                vectorEffect={0}
                width={124}
                x={11}
                y={168}
              />
              <RNSVGPath
                d="M 11 8,h 124,q 3 0 3 3,v 154,q 0 3 -3 3,h -124,q -3 0 -3 -3,v -154,q 0 -3 3 -3"
                fill={
                  Array [
                    0,
                    452842282,
                  ]
                }
                fillOpacity={1}
                fillRule={1}
                matrix={
                  Array [
                    1,
                    0,
                    0,
                    1,
                    0,
                    0,
                  ]
                }
                opacity={1}
                originX={0}
                originY={0}
                propList={
                  Array [
                    "fill",
                  ]
                }
                rotation={0}
                scaleX={1}
                scaleY={1}
                skewX={0}
                skewY={0}
                stroke={null}
                strokeDasharray={null}
                strokeDashoffset={null}
                strokeLinecap={0}
                strokeLinejoin={0}
                strokeMiterlimit={4}
                strokeOpacity={1}
                strokeWidth={1}
                vectorEffect={0}
                x={0}
                y={0}
              />
            </RNSVGGroup>
          </RNSVGSvgView>
          <View
            style={
              Object {
                "alignItems": "center",
                "backgroundColor": "white",
                "borderRadius": 10,
                "height": "100%",
                "justifyContent": "flex-start",
                "paddingTop": 10,
                "width": "100%",
              }
            }
          >
            <Image
              source={
                Object {
                  "uri": "course",
                }
              }
              style={
                Object {
                  "borderRadius": 10,
                  "height": "72%",
                  "width": "85%",
                }
              }
            />
            <Text
              style={
                Object {
                  "fontSize": 14,
                  "fontWeight": "bold",
                  "marginVertical": 3,
                  "textAlign": "center",
                  "textAlignVertical": "center",
                }
              }
            >
               
              国际商务英语
            </Text>
          </View>
        </View>
        <View
          style={
            Array [
              Object {
                "height": 160,
                "position": "relative",
                "width": 130,
              },
              Object {
                "marginHorizontal": 2,
                "marginVertical": 5,
                "width": "31%",
              },
            ]
          }
        >
          <RNSVGSvgView
            bbHeight={182}
            bbWidth={152}
            height={182}
            style={
              Array [
                Object {
                  "backgroundColor": "transparent",
                  "borderWidth": 0,
                },
                Object {
                  "left": -8,
                  "position": "absolute",
                  "top": -5,
                },
                null,
                Object {
                  "flex": 0,
                  "height": 182,
                  "width": 152,
                },
              ]
            }
            width={152}
          >
            <RNSVGGroup
              fill={
                Array [
                  0,
                  4278190080,
                ]
              }
              fillOpacity={1}
              fillRule={1}
              font={Object {}}
              matrix={
                Array [
                  1,
                  0,
                  0,
                  1,
                  0,
                  0,
                ]
              }
              opacity={1}
              originX={0}
              originY={0}
              propList={Array []}
              rotation={0}
              scaleX={1}
              scaleY={1}
              skewX={0}
              skewY={0}
              stroke={null}
              strokeDasharray={null}
              strokeDashoffset={null}
              strokeLinecap={0}
              strokeLinejoin={0}
              strokeMiterlimit={4}
              strokeOpacity={1}
              strokeWidth={1}
              vectorEffect={0}
              x={0}
              y={0}
            >
              <RNSVGDefs>
                <RNSVGLinearGradient
                  gradient={
                    Array [
                      0,
                      452842282,
                      1,
                      16634666,
                    ]
                  }
                  gradientTransform={
                    Array [
                      1,
                      0,
                      0,
                      1,
                      0,
                      0,
                    ]
                  }
                  gradientUnits={0}
                  name="top"
                  x1="0%"
                  x2="0%"
                  y1="100%"
                  y2="0%"
                />
                <RNSVGLinearGradient
                  gradient={
                    Array [
                      0,
                      452842282,
                      1,
                      16634666,
                    ]
                  }
                  gradientTransform={
                    Array [
                      1,
                      0,
                      0,
                      1,
                      0,
                      0,
                    ]
                  }
                  gradientUnits={0}
                  name="bottom"
                  x1="0%"
                  x2="0%"
                  y1="0%"
                  y2="100%"
                />
                <RNSVGLinearGradient
                  gradient={
                    Array [
                      0,
                      452842282,
                      1,
                      16634666,
                    ]
                  }
                  gradientTransform={
                    Array [
                      1,
                      0,
                      0,
                      1,
                      0,
                      0,
                    ]
                  }
                  gradientUnits={0}
                  name="left"
                  x1="100%"
                  x2="0%"
                  y1="0%"
                  y2="0%"
                />
                <RNSVGLinearGradient
                  gradient={
                    Array [
                      0,
                      452842282,
                      1,
                      16634666,
                    ]
                  }
                  gradientTransform={
                    Array [
                      1,
                      0,
                      0,
                      1,
                      0,
                      0,
                    ]
                  }
                  gradientUnits={0}
                  name="right"
                  x1="0%"
                  x2="100%"
                  y1="0%"
                  y2="0%"
                />
                <RNSVGRadialGradient
                  cx="100%"
                  cy="100%"
                  fx="100%"
                  fy="100%"
                  gradient={
                    Array [
                      0,
                      452842282,
                      0.2727272727272727,
                      452842282,
                      1,
                      16634666,
                    ]
                  }
                  gradientTransform={
                    Array [
                      1,
                      0,
                      0,
                      1,
                      0,
                      0,
                    ]
                  }
                  gradientUnits={0}
                  name="border-left-top"
                  rx="100%"
                  ry="100%"
                />
                <RNSVGRadialGradient
                  cx="100%"
                  cy="0%"
                  fx="100%"
                  fy="0%"
                  gradient={
                    Array [
                      0,
                      452842282,
                      0.2727272727272727,
                      452842282,
                      1,
                      16634666,
                    ]
                  }
                  gradientTransform={
                    Array [
                      1,
                      0,
                      0,
                      1,
                      0,
                      0,
                    ]
                  }
                  gradientUnits={0}
                  name="border-left-bottom"
                  rx="100%"
                  ry="100%"
                />
                <RNSVGRadialGradient
                  cx="0%"
                  cy="100%"
                  fx="0%"
                  fy="100%"
                  gradient={
                    Array [
                      0,
                      452842282,
                      0.2727272727272727,
                      452842282,
                      1,
                      16634666,
                    ]
                  }
                  gradientTransform={
                    Array [
                      1,
                      0,
                      0,
                      1,
                      0,
                      0,
                    ]
                  }
                  gradientUnits={0}
                  name="border-right-top"
                  rx="100%"
                  ry="100%"
                />
                <RNSVGRadialGradient
                  cx="0%"
                  cy="0%"
                  fx="0%"
                  fy="0%"
                  gradient={
                    Array [
                      0,
                      452842282,
                      0.2727272727272727,
                      452842282,
                      1,
                      16634666,
                    ]
                  }
                  gradientTransform={
                    Array [
                      1,
                      0,
                      0,
                      1,
                      0,
                      0,
                    ]
                  }
                  gradientUnits={0}
                  name="border-right-bottom"
                  rx="100%"
                  ry="100%"
                />
              </RNSVGDefs>
              <RNSVGPath
                d="M 0 11,Q 0 0 11 0,v 8,q -3 0 -3 3,h -8,z"
                fill={
                  Array [
                    1,
                    "border-left-top",
                  ]
                }
                fillOpacity={1}
                fillRule={1}
                matrix={
                  Array [
                    1,
                    0,
                    0,
                    1,
                    0,
                    0,
                  ]
                }
                opacity={1}
                originX={0}
                originY={0}
                propList={
                  Array [
                    "fill",
                  ]
                }
                rotation={0}
                scaleX={1}
                scaleY={1}
                skewX={0}
                skewY={0}
                stroke={null}
                strokeDasharray={null}
                strokeDashoffset={null}
                strokeLinecap={0}
                strokeLinejoin={0}
                strokeMiterlimit={4}
                strokeOpacity={1}
                strokeWidth={1}
                vectorEffect={0}
                x={0}
                y={0}
              />
              <RNSVGPath
                d="M 135 0,q 11 0 11 11,h -8,q 0 -3 -3 -3,v -8,z"
                fill={
                  Array [
                    1,
                    "border-right-top",
                  ]
                }
                fillOpacity={1}
                fillRule={1}
                matrix={
                  Array [
                    1,
                    0,
                    0,
                    1,
                    0,
                    0,
                  ]
                }
                opacity={1}
                originX={0}
                originY={0}
                propList={
                  Array [
                    "fill",
                  ]
                }
                rotation={0}
                scaleX={1}
                scaleY={1}
                skewX={0}
                skewY={0}
                stroke={null}
                strokeDasharray={null}
                strokeDashoffset={null}
                strokeLinecap={0}
                strokeLinejoin={0}
                strokeMiterlimit={4}
                strokeOpacity={1}
                strokeWidth={1}
                vectorEffect={0}
                x={0}
                y={0}
              />
              <RNSVGPath
                d="M 138 165,h 8,q 0 11 -11 11,v -8,q 3 0 3 -3,z"
                fill={
                  Array [
                    1,
                    "border-right-bottom",
                  ]
                }
                fillOpacity={1}
                fillRule={1}
                matrix={
                  Array [
                    1,
                    0,
                    0,
                    1,
                    0,
                    0,
                  ]
                }
                opacity={1}
                originX={0}
                originY={0}
                propList={
                  Array [
                    "fill",
                  ]
                }
                rotation={0}
                scaleX={1}
                scaleY={1}
                skewX={0}
                skewY={0}
                stroke={null}
                strokeDasharray={null}
                strokeDashoffset={null}
                strokeLinecap={0}
                strokeLinejoin={0}
                strokeMiterlimit={4}
                strokeOpacity={1}
                strokeWidth={1}
                vectorEffect={0}
                x={0}
                y={0}
              />
              <RNSVGPath
                d="M 0 165,q 0 11 11 11,v -8,q -3 0 -3 -3,h -8,z"
                fill={
                  Array [
                    1,
                    "border-left-bottom",
                  ]
                }
                fillOpacity={1}
                fillRule={1}
                matrix={
                  Array [
                    1,
                    0,
                    0,
                    1,
                    0,
                    0,
                  ]
                }
                opacity={1}
                originX={0}
                originY={0}
                propList={
                  Array [
                    "fill",
                  ]
                }
                rotation={0}
                scaleX={1}
                scaleY={1}
                skewX={0}
                skewY={0}
                stroke={null}
                strokeDasharray={null}
                strokeDashoffset={null}
                strokeLinecap={0}
                strokeLinejoin={0}
                strokeMiterlimit={4}
                strokeOpacity={1}
                strokeWidth={1}
                vectorEffect={0}
                x={0}
                y={0}
              />
              <RNSVGRect
                fill={
                  Array [
                    1,
                    "top",
                  ]
                }
                fillOpacity={1}
                fillRule={1}
                height={8}
                matrix={
                  Array [
                    1,
                    0,
                    0,
                    1,
                    0,
                    0,
                  ]
                }
                opacity={1}
                originX={0}
                originY={0}
                propList={
                  Array [
                    "fill",
                  ]
                }
                rotation={0}
                rx={0}
                ry={0}
                scaleX={1}
                scaleY={1}
                skewX={0}
                skewY={0}
                stroke={null}
                strokeDasharray={null}
                strokeDashoffset={null}
                strokeLinecap={0}
                strokeLinejoin={0}
                strokeMiterlimit={4}
                strokeOpacity={1}
                strokeWidth={1}
                vectorEffect={0}
                width={124}
                x={11}
                y="0"
              />
              <RNSVGRect
                fill={
                  Array [
                    1,
                    "left",
                  ]
                }
                fillOpacity={1}
                fillRule={1}
                height={154}
                matrix={
                  Array [
                    1,
                    0,
                    0,
                    1,
                    0,
                    0,
                  ]
                }
                opacity={1}
                originX={0}
                originY={0}
                propList={
                  Array [
                    "fill",
                  ]
                }
                rotation={0}
                rx={0}
                ry={0}
                scaleX={1}
                scaleY={1}
                skewX={0}
                skewY={0}
                stroke={null}
                strokeDasharray={null}
                strokeDashoffset={null}
                strokeLinecap={0}
                strokeLinejoin={0}
                strokeMiterlimit={4}
                strokeOpacity={1}
                strokeWidth={1}
                vectorEffect={0}
                width={8}
                x="0"
                y={11}
              />
              <RNSVGRect
                fill={
                  Array [
                    1,
                    "right",
                  ]
                }
                fillOpacity={1}
                fillRule={1}
                height={154}
                matrix={
                  Array [
                    1,
                    0,
                    0,
                    1,
                    0,
                    0,
                  ]
                }
                opacity={1}
                originX={0}
                originY={0}
                propList={
                  Array [
                    "fill",
                  ]
                }
                rotation={0}
                rx={0}
                ry={0}
                scaleX={1}
                scaleY={1}
                skewX={0}
                skewY={0}
                stroke={null}
                strokeDasharray={null}
                strokeDashoffset={null}
                strokeLinecap={0}
                strokeLinejoin={0}
                strokeMiterlimit={4}
                strokeOpacity={1}
                strokeWidth={1}
                vectorEffect={0}
                width={8}
                x={138}
                y={11}
              />
              <RNSVGRect
                fill={
                  Array [
                    1,
                    "bottom",
                  ]
                }
                fillOpacity={1}
                fillRule={1}
                height={8}
                matrix={
                  Array [
                    1,
                    0,
                    0,
                    1,
                    0,
                    0,
                  ]
                }
                opacity={1}
                originX={0}
                originY={0}
                propList={
                  Array [
                    "fill",
                  ]
                }
                rotation={0}
                rx={0}
                ry={0}
                scaleX={1}
                scaleY={1}
                skewX={0}
                skewY={0}
                stroke={null}
                strokeDasharray={null}
                strokeDashoffset={null}
                strokeLinecap={0}
                strokeLinejoin={0}
                strokeMiterlimit={4}
                strokeOpacity={1}
                strokeWidth={1}
                vectorEffect={0}
                width={124}
                x={11}
                y={168}
              />
              <RNSVGPath
                d="M 11 8,h 124,q 3 0 3 3,v 154,q 0 3 -3 3,h -124,q -3 0 -3 -3,v -154,q 0 -3 3 -3"
                fill={
                  Array [
                    0,
                    452842282,
                  ]
                }
                fillOpacity={1}
                fillRule={1}
                matrix={
                  Array [
                    1,
                    0,
                    0,
                    1,
                    0,
                    0,
                  ]
                }
                opacity={1}
                originX={0}
                originY={0}
                propList={
                  Array [
                    "fill",
                  ]
                }
                rotation={0}
                scaleX={1}
                scaleY={1}
                skewX={0}
                skewY={0}
                stroke={null}
                strokeDasharray={null}
                strokeDashoffset={null}
                strokeLinecap={0}
                strokeLinejoin={0}
                strokeMiterlimit={4}
                strokeOpacity={1}
                strokeWidth={1}
                vectorEffect={0}
                x={0}
                y={0}
              />
            </RNSVGGroup>
          </RNSVGSvgView>
          <View
            style={
              Object {
                "alignItems": "center",
                "backgroundColor": "white",
                "borderRadius": 10,
                "height": "100%",
                "justifyContent": "flex-start",
                "paddingTop": 10,
                "width": "100%",
              }
            }
          >
            <Image
              source={
                Object {
                  "uri": "course",
                }
              }
              style={
                Object {
                  "borderRadius": 10,
                  "height": "72%",
                  "width": "85%",
                }
              }
            />
            <Text
              style={
                Object {
                  "fontSize": 14,
                  "fontWeight": "bold",
                  "marginVertical": 3,
                  "textAlign": "center",
                  "textAlignVertical": "center",
                }
              }
            >
               
              国际商务英语
            </Text>
          </View>
        </View>
      </View>
      <View
        style={
          Object {
            "alignItems": "center",
            "flexDirection": "row",
            "justifyContent": "space-between",
            "width": "100%",
          }
        }
      >
        <View
          style={
            Object {
              "alignItems": "center",
              "flexDirection": "row",
              "justifyContent": "flex-start",
              "marginHorizontal": 20,
              "marginVertical": 5,
            }
          }
        >
          <View
            style={
              Object {
                "backgroundColor": "transparent",
                "position": "relative",
              }
            }
          >
            <Image
              onLoadEnd={[Function]}
              source={
                Object {
                  "uri": "home_recommend",
                }
              }
              style={
                Object {
                  "height": 20,
                  "resizeMode": "contain",
                  "width": 20,
                }
              }
              theme={
                Object {
                  "colors": Object {
                    "disabled": "hsl(208, 8%, 90%)",
                    "divider": "#bcbbc1",
                    "error": "#ff190c",
                    "grey0": "#393e42",
                    "grey1": "#43484d",
                    "grey2": "#5e6977",
                    "grey3": "#86939e",
                    "grey4": "#bdc6cf",
                    "grey5": "#e1e8ee",
                    "greyOutline": "#bbb",
                    "platform": Object {
                      "android": Object {
                        "error": "#f44336",
                        "primary": "#2196f3",
                        "secondary": "#9C27B0",
                        "success": "#4caf50",
                        "warning": "#ffeb3b",
                      },
                      "ios": Object {
                        "error": "#ff3b30",
                        "primary": "#007aff",
                        "secondary": "#5856d6",
                        "success": "#4cd964",
                        "warning": "#ffcc00",
                      },
                    },
                    "primary": "#2089dc",
                    "searchBg": "#303337",
                    "secondary": "#8F0CE8",
                    "success": "#52c41a",
                    "warning": "#faad14",
                  },
                }
              }
            />
            <View
              style={
                Object {
                  "bottom": 0,
                  "left": 0,
                  "opacity": 1,
                  "position": "absolute",
                  "right": 0,
                  "top": 0,
                }
              }
            >
              <View
                style={
                  Object {
                    "alignItems": "center",
                    "backgroundColor": "#bdbdbd",
                    "height": 20,
                    "justifyContent": "center",
                    "resizeMode": "contain",
                    "width": 20,
                  }
                }
                testID="RNE__Image__placeholder"
              />
            </View>
          </View>
          <View
            style={Object {}}
          >
            <View
              style={
                Object {
                  "backgroundColor": "transparent",
                  "position": "relative",
                }
              }
            >
              <Image
                onLoadEnd={[Function]}
                source={
                  Object {
                    "uri": "yellow_line",
                  }
                }
                style={
                  Object {
                    "height": 10,
                    "left": 8,
                    "position": "absolute",
                    "top": 12,
                    "width": 40,
                  }
                }
                theme={
                  Object {
                    "colors": Object {
                      "disabled": "hsl(208, 8%, 90%)",
                      "divider": "#bcbbc1",
                      "error": "#ff190c",
                      "grey0": "#393e42",
                      "grey1": "#43484d",
                      "grey2": "#5e6977",
                      "grey3": "#86939e",
                      "grey4": "#bdc6cf",
                      "grey5": "#e1e8ee",
                      "greyOutline": "#bbb",
                      "platform": Object {
                        "android": Object {
                          "error": "#f44336",
                          "primary": "#2196f3",
                          "secondary": "#9C27B0",
                          "success": "#4caf50",
                          "warning": "#ffeb3b",
                        },
                        "ios": Object {
                          "error": "#ff3b30",
                          "primary": "#007aff",
                          "secondary": "#5856d6",
                          "success": "#4cd964",
                          "warning": "#ffcc00",
                        },
                      },
                      "primary": "#2089dc",
                      "searchBg": "#303337",
                      "secondary": "#8F0CE8",
                      "success": "#52c41a",
                      "warning": "#faad14",
                    },
                  }
                }
              />
              <View
                style={
                  Object {
                    "bottom": 0,
                    "left": 0,
                    "opacity": 1,
                    "position": "absolute",
                    "right": 0,
                    "top": 0,
                  }
                }
              >
                <View
                  style={
                    Object {
                      "alignItems": "center",
                      "backgroundColor": "#bdbdbd",
                      "height": 10,
                      "justifyContent": "center",
                      "left": 8,
                      "position": "absolute",
                      "top": 12,
                      "width": 40,
                    }
                  }
                  testID="RNE__Image__placeholder"
                />
              </View>
            </View>
            <Text
              style={
                Object {
                  "fontSize": 18,
                  "fontWeight": "bold",
                  "lineHeight": 25,
                  "marginLeft": 10,
                  "maxWidth": 250,
                  "textAlign": "left",
                }
              }
              theme={
                Object {
                  "colors": Object {
                    "disabled": "hsl(208, 8%, 90%)",
                    "divider": "#bcbbc1",
                    "error": "#ff190c",
                    "grey0": "#393e42",
                    "grey1": "#43484d",
                    "grey2": "#5e6977",
                    "grey3": "#86939e",
                    "grey4": "#bdc6cf",
                    "grey5": "#e1e8ee",
                    "greyOutline": "#bbb",
                    "platform": Object {
                      "android": Object {
                        "error": "#f44336",
                        "primary": "#2196f3",
                        "secondary": "#9C27B0",
                        "success": "#4caf50",
                        "warning": "#ffeb3b",
                      },
                      "ios": Object {
                        "error": "#ff3b30",
                        "primary": "#007aff",
                        "secondary": "#5856d6",
                        "success": "#4cd964",
                        "warning": "#ffcc00",
                      },
                    },
                    "primary": "#2089dc",
                    "searchBg": "#303337",
                    "secondary": "#8F0CE8",
                    "success": "#52c41a",
                    "warning": "#faad14",
                  },
                }
              }
            >
              推荐课程
            </Text>
          </View>
        </View>
        <View
          accessible={true}
          isTVSelectable={true}
          onResponderGrant={[Function]}
          onResponderMove={[Function]}
          onResponderRelease={[Function]}
          onResponderTerminate={[Function]}
          onResponderTerminationRequest={[Function]}
          onStartShouldSetResponder={[Function]}
          style={
            Object {
              "alignItems": "center",
              "flexDirection": "row",
              "justifyContent": "flex-end",
              "opacity": 1,
            }
          }
        >
          <Text>
            换一批
          </Text>
          <Image
            source={
              Object {
                "uri": "home_change_0",
              }
            }
            style={
              Object {
                "height": 25,
                "marginRight": 25,
                "width": 25,
              }
            }
          />
        </View>
      </View>
      <Text
        style={
          Object {
            "fontSize": 12,
            "paddingLeft": 50,
            "width": "100%",
          }
        }
      >
        评测、打分越多，推荐越准哦
      </Text>
    </View>
  </View>
</RCTScrollView>
`;
