// Jest Snapshot v1, https://goo.gl/fbAQLP

exports[`renders profile page correctly 1`] = `
<View
  style={
    Object {
      "alignItems": "stretch",
      "flex": 1,
      "justifyContent": "space-between",
      "paddingTop": 25,
    }
  }
>
  <View>
    <View
      accessible={true}
      isTVSelectable={true}
      onResponderGrant={[Function]}
      onResponderMove={[Function]}
      onResponderRelease={[Function]}
      onResponderTerminate={[Function]}
      onResponderTerminationRequest={[Function]}
      onStartShouldSetResponder={[Function]}
      style={
        Object {
          "alignItems": "center",
          "flexDirection": "row",
          "justifyContent": "space-between",
          "opacity": 1,
          "paddingBottom": 20,
          "paddingLeft": 20,
          "paddingRight": 10,
          "paddingTop": 36,
        }
      }
    >
      <View
        style={
          Object {
            "alignItems": "center",
            "flexDirection": "row",
          }
        }
      >
        <View
          style={
            Object {
              "backgroundColor": "transparent",
              "borderRadius": 25,
              "height": 50,
              "width": 50,
            }
          }
          theme={
            Object {
              "colors": Object {
                "disabled": "hsl(208, 8%, 90%)",
                "divider": "#bcbbc1",
                "error": "#ff190c",
                "grey0": "#393e42",
                "grey1": "#43484d",
                "grey2": "#5e6977",
                "grey3": "#86939e",
                "grey4": "#bdc6cf",
                "grey5": "#e1e8ee",
                "greyOutline": "#bbb",
                "platform": Object {
                  "android": Object {
                    "error": "#f44336",
                    "primary": "#2196f3",
                    "secondary": "#9C27B0",
                    "success": "#4caf50",
                    "warning": "#ffeb3b",
                  },
                  "ios": Object {
                    "error": "#ff3b30",
                    "primary": "#007aff",
                    "secondary": "#5856d6",
                    "success": "#4cd964",
                    "warning": "#ffcc00",
                  },
                },
                "primary": "#2089dc",
                "searchBg": "#303337",
                "secondary": "#8F0CE8",
                "success": "#52c41a",
                "warning": "#faad14",
              },
            }
          }
        >
          <View
            style={
              Object {
                "backgroundColor": "#bdbdbd",
                "borderRadius": 25,
                "flex": 1,
                "overflow": "hidden",
                "position": "relative",
              }
            }
          >
            <Image
              onLoadEnd={[Function]}
              source={
                Object {
                  "uri": undefined,
                }
              }
              style={
                Object {
                  "flex": 1,
                  "height": null,
                  "width": null,
                }
              }
              theme={
                Object {
                  "colors": Object {
                    "disabled": "hsl(208, 8%, 90%)",
                    "divider": "#bcbbc1",
                    "error": "#ff190c",
                    "grey0": "#393e42",
                    "grey1": "#43484d",
                    "grey2": "#5e6977",
                    "grey3": "#86939e",
                    "grey4": "#bdc6cf",
                    "grey5": "#e1e8ee",
                    "greyOutline": "#bbb",
                    "platform": Object {
                      "android": Object {
                        "error": "#f44336",
                        "primary": "#2196f3",
                        "secondary": "#9C27B0",
                        "success": "#4caf50",
                        "warning": "#ffeb3b",
                      },
                      "ios": Object {
                        "error": "#ff3b30",
                        "primary": "#007aff",
                        "secondary": "#5856d6",
                        "success": "#4cd964",
                        "warning": "#ffcc00",
                      },
                    },
                    "primary": "#2089dc",
                    "searchBg": "#303337",
                    "secondary": "#8F0CE8",
                    "success": "#52c41a",
                    "warning": "#faad14",
                  },
                }
              }
            />
            <View
              style={
                Object {
                  "bottom": 0,
                  "left": 0,
                  "opacity": 1,
                  "position": "absolute",
                  "right": 0,
                  "top": 0,
                }
              }
            >
              <View
                style={
                  Object {
                    "alignItems": "center",
                    "backgroundColor": "#bdbdbd",
                    "flex": 1,
                    "height": null,
                    "justifyContent": "center",
                    "width": null,
                  }
                }
                testID="RNE__Image__placeholder"
              />
            </View>
          </View>
        </View>
        <View>
          <View
            style={
              Object {
                "alignItems": "center",
                "flexDirection": "row",
                "paddingBottom": 5,
                "paddingLeft": 20,
              }
            }
          >
            <Text />
            <Image
              source={
                Object {
                  "uri": "female",
                }
              }
              style={
                Object {
                  "height": 13,
                  "margin": 5,
                  "width": 13,
                }
              }
            />
          </View>
          <Image
            source={
              Object {
                "uri": "insignia",
              }
            }
            style={
              Object {
                "height": 13,
                "marginLeft": 20,
                "width": 13,
              }
            }
          />
        </View>
      </View>
      <Image
        source={
          Object {
            "uri": "right_arrow",
          }
        }
        style={
          Object {
            "height": 20,
            "width": 20,
          }
        }
      />
    </View>
    <View
      style={
        Object {
          "flexDirection": "column",
          "paddingTop": 20,
        }
      }
    >
      <View>
        <View
          accessible={true}
          isTVSelectable={true}
          onResponderGrant={[Function]}
          onResponderMove={[Function]}
          onResponderRelease={[Function]}
          onResponderTerminate={[Function]}
          onResponderTerminationRequest={[Function]}
          onStartShouldSetResponder={[Function]}
          style={
            Object {
              "alignItems": "center",
              "flexDirection": "row",
              "justifyContent": "space-between",
              "opacity": 1,
              "paddingBottom": 8,
              "paddingHorizontal": 10,
              "paddingTop": 20,
              "paddingVertical": 10,
            }
          }
        >
          <View
            style={
              Object {
                "alignItems": "center",
                "flexDirection": "row",
                "justifyContent": "center",
                "paddingHorizontal": 5,
              }
            }
          >
            <Image
              resizeMode="contain"
              source={
                Object {
                  "uri": "setting",
                }
              }
              style={
                Object {
                  "height": 21,
                  "width": 21,
                }
              }
            />
            <Text
              style={
                Object {
                  "color": "#000000",
                  "fontSize": 17,
                  "paddingHorizontal": 20,
                }
              }
            >
              设置
            </Text>
          </View>
          <View
            style={
              Object {
                "alignItems": "center",
                "justifyContent": "center",
              }
            }
          >
            <Image
              source={
                Object {
                  "uri": "right_arrow",
                }
              }
              style={
                Object {
                  "height": 20,
                  "width": 20,
                }
              }
            />
          </View>
        </View>
        <View
          style={
            Object {
              "backgroundColor": "#F5F5F5",
              "height": 1,
            }
          }
        />
      </View>
      <View>
        <View
          accessible={true}
          isTVSelectable={true}
          onResponderGrant={[Function]}
          onResponderMove={[Function]}
          onResponderRelease={[Function]}
          onResponderTerminate={[Function]}
          onResponderTerminationRequest={[Function]}
          onStartShouldSetResponder={[Function]}
          style={
            Object {
              "alignItems": "center",
              "flexDirection": "row",
              "justifyContent": "space-between",
              "opacity": 1,
              "paddingBottom": 8,
              "paddingHorizontal": 10,
              "paddingTop": 20,
              "paddingVertical": 10,
            }
          }
        >
          <View
            style={
              Object {
                "alignItems": "center",
                "flexDirection": "row",
                "justifyContent": "center",
                "paddingHorizontal": 5,
              }
            }
          >
            <Image
              resizeMode="contain"
              source={
                Object {
                  "uri": "feedback",
                }
              }
              style={
                Object {
                  "height": 21,
                  "width": 21,
                }
              }
            />
            <Text
              style={
                Object {
                  "color": "#000000",
                  "fontSize": 17,
                  "paddingHorizontal": 20,
                }
              }
            >
              反馈投诉
            </Text>
          </View>
          <View
            style={
              Object {
                "alignItems": "center",
                "justifyContent": "center",
              }
            }
          >
            <Image
              source={
                Object {
                  "uri": "right_arrow",
                }
              }
              style={
                Object {
                  "height": 20,
                  "width": 20,
                }
              }
            />
          </View>
        </View>
        <View
          style={
            Object {
              "backgroundColor": "#F5F5F5",
              "height": 1,
            }
          }
        />
      </View>
      <View>
        <View
          accessible={true}
          isTVSelectable={true}
          onResponderGrant={[Function]}
          onResponderMove={[Function]}
          onResponderRelease={[Function]}
          onResponderTerminate={[Function]}
          onResponderTerminationRequest={[Function]}
          onStartShouldSetResponder={[Function]}
          style={
            Object {
              "alignItems": "center",
              "flexDirection": "row",
              "justifyContent": "space-between",
              "opacity": 1,
              "paddingBottom": 8,
              "paddingHorizontal": 10,
              "paddingTop": 20,
              "paddingVertical": 10,
            }
          }
        >
          <View
            style={
              Object {
                "alignItems": "center",
                "flexDirection": "row",
                "justifyContent": "center",
                "paddingHorizontal": 5,
              }
            }
          >
            <Image
              resizeMode="contain"
              source={
                Object {
                  "uri": "recommend",
                }
              }
              style={
                Object {
                  "height": 21,
                  "width": 21,
                }
              }
            />
            <Text
              style={
                Object {
                  "color": "#000000",
                  "fontSize": 17,
                  "paddingHorizontal": 20,
                }
              }
            >
              推荐给好友
            </Text>
          </View>
          <View
            style={
              Object {
                "alignItems": "center",
                "justifyContent": "center",
              }
            }
          >
            <Image
              source={
                Object {
                  "uri": "right_arrow",
                }
              }
              style={
                Object {
                  "height": 20,
                  "width": 20,
                }
              }
            />
          </View>
        </View>
        <View
          style={
            Object {
              "backgroundColor": "#F5F5F5",
              "height": 1,
            }
          }
        />
      </View>
      <View>
        <View
          accessible={true}
          isTVSelectable={true}
          onResponderGrant={[Function]}
          onResponderMove={[Function]}
          onResponderRelease={[Function]}
          onResponderTerminate={[Function]}
          onResponderTerminationRequest={[Function]}
          onStartShouldSetResponder={[Function]}
          style={
            Object {
              "alignItems": "center",
              "flexDirection": "row",
              "justifyContent": "space-between",
              "opacity": 1,
              "paddingBottom": 8,
              "paddingHorizontal": 10,
              "paddingTop": 20,
              "paddingVertical": 10,
            }
          }
        >
          <View
            style={
              Object {
                "alignItems": "center",
                "flexDirection": "row",
                "justifyContent": "center",
                "paddingHorizontal": 5,
              }
            }
          >
            <Image
              resizeMode="contain"
              source={
                Object {
                  "uri": "about",
                }
              }
              style={
                Object {
                  "height": 21,
                  "width": 21,
                }
              }
            />
            <Text
              style={
                Object {
                  "color": "#000000",
                  "fontSize": 17,
                  "paddingHorizontal": 20,
                }
              }
            >
              关于
            </Text>
          </View>
          <View
            style={
              Object {
                "alignItems": "center",
                "justifyContent": "center",
              }
            }
          >
            <Image
              source={
                Object {
                  "uri": "right_arrow",
                }
              }
              style={
                Object {
                  "height": 20,
                  "width": 20,
                }
              }
            />
          </View>
        </View>
        <View
          style={
            Object {
              "backgroundColor": "#F5F5F5",
              "height": 1,
            }
          }
        />
      </View>
    </View>
  </View>
</View>
`;
